Component: ARM Compiler 5.06 update 6 (build 750) Tool: armlink [4d35ed]

==============================================================================

Section Cross References

    startup_stm32f105xc.o(RESET) refers to startup_stm32f105xc.o(STACK) for __initial_sp
    startup_stm32f105xc.o(RESET) refers to startup_stm32f105xc.o(.text) for Reset_Handler
    startup_stm32f105xc.o(RESET) refers to stm32f1xx_it.o(i.NMI_Handler) for NMI_Handler
    startup_stm32f105xc.o(RESET) refers to stm32f1xx_it.o(i.HardFault_Handler) for HardFault_Handler
    startup_stm32f105xc.o(RESET) refers to stm32f1xx_it.o(i.MemManage_Handler) for MemManage_Handler
    startup_stm32f105xc.o(RESET) refers to stm32f1xx_it.o(i.BusFault_Handler) for BusFault_Handler
    startup_stm32f105xc.o(RESET) refers to stm32f1xx_it.o(i.UsageFault_Handler) for UsageFault_Handler
    startup_stm32f105xc.o(RESET) refers to stm32f1xx_it.o(i.SVC_Handler) for SVC_Handler
    startup_stm32f105xc.o(RESET) refers to stm32f1xx_it.o(i.DebugMon_Handler) for DebugMon_Handler
    startup_stm32f105xc.o(RESET) refers to stm32f1xx_it.o(i.PendSV_Handler) for PendSV_Handler
    startup_stm32f105xc.o(RESET) refers to stm32f1xx_it.o(i.SysTick_Handler) for SysTick_Handler
    startup_stm32f105xc.o(RESET) refers to stm32f1xx_it.o(i.TIM6_IRQHandler) for TIM6_IRQHandler
    startup_stm32f105xc.o(RESET) refers to stm32f1xx_it.o(i.OTG_FS_IRQHandler) for OTG_FS_IRQHandler
    startup_stm32f105xc.o(.text) refers to system_stm32f1xx.o(i.SystemInit) for SystemInit
    startup_stm32f105xc.o(.text) refers to entry.o(.ARM.Collect$$$$00000000) for __main
    i2c_lib.o(i.I2C1_Read_Byte) refers to stm32f1xx_hal_i2c.o(i.HAL_I2C_GetError) for HAL_I2C_GetError
    i2c_lib.o(i.I2C1_Read_Byte) refers to memcpya.o(.text) for __aeabi_memcpy4
    i2c_lib.o(i.I2C1_Read_Byte) refers to stm32f1xx_hal_gpio.o(i.HAL_GPIO_WritePin) for HAL_GPIO_WritePin
    i2c_lib.o(i.I2C1_Read_Byte) refers to stm32f1xx_hal.o(i.HAL_Delay) for HAL_Delay
    i2c_lib.o(i.I2C1_Read_Byte) refers to usbd_cdc_if.o(i.CDC_Transmit_FS) for CDC_Transmit_FS
    i2c_lib.o(i.I2C1_Read_Byte) refers to stm32f1xx_hal_i2c.o(i.HAL_I2C_Master_Receive) for HAL_I2C_Master_Receive
    i2c_lib.o(i.I2C1_Read_Byte) refers to i2c.o(.bss) for hi2c1
    i2c_lib.o(i.I2C1_Write_Array) refers to stm32f1xx_hal_i2c.o(i.HAL_I2C_GetError) for HAL_I2C_GetError
    i2c_lib.o(i.I2C1_Write_Array) refers to memcpya.o(.text) for __aeabi_memcpy4
    i2c_lib.o(i.I2C1_Write_Array) refers to stm32f1xx_hal_gpio.o(i.HAL_GPIO_WritePin) for HAL_GPIO_WritePin
    i2c_lib.o(i.I2C1_Write_Array) refers to usbd_cdc_if.o(i.CDC_Transmit_FS) for CDC_Transmit_FS
    i2c_lib.o(i.I2C1_Write_Array) refers to stm32f1xx_hal_i2c.o(i.HAL_I2C_Master_Transmit) for HAL_I2C_Master_Transmit
    i2c_lib.o(i.I2C1_Write_Array) refers to i2c.o(.bss) for hi2c1
    i2c_lib.o(i.I2C1_Write_Byte) refers to stm32f1xx_hal_i2c.o(i.HAL_I2C_GetError) for HAL_I2C_GetError
    i2c_lib.o(i.I2C1_Write_Byte) refers to memcpya.o(.text) for __aeabi_memcpy4
    i2c_lib.o(i.I2C1_Write_Byte) refers to stm32f1xx_hal_gpio.o(i.HAL_GPIO_WritePin) for HAL_GPIO_WritePin
    i2c_lib.o(i.I2C1_Write_Byte) refers to stm32f1xx_hal.o(i.HAL_Delay) for HAL_Delay
    i2c_lib.o(i.I2C1_Write_Byte) refers to usbd_cdc_if.o(i.CDC_Transmit_FS) for CDC_Transmit_FS
    i2c_lib.o(i.I2C1_Write_Byte) refers to stm32f1xx_hal_i2c.o(i.HAL_I2C_Master_Transmit) for HAL_I2C_Master_Transmit
    i2c_lib.o(i.I2C1_Write_Byte) refers to i2c.o(.bss) for hi2c1
    main.o(i.LED_CLEAN_ALL) refers to i2c_lib.o(i.I2C1_Write_Array) for I2C1_Write_Array
    main.o(i.LED_WRITE) refers to i2c_lib.o(i.I2C1_Write_Array) for I2C1_Write_Array
    main.o(i.LED_WRITE) refers to main.o(.data) for .data
    main.o(i.START_ADC_MEASURING) refers to i2c_lib.o(i.I2C1_Write_Byte) for I2C1_Write_Byte
    main.o(i.START_ADC_MEASURING) refers to i2c_lib.o(i.I2C1_Read_Byte) for I2C1_Read_Byte
    main.o(i.START_ADC_MEASURING) refers to ffltui.o(.text) for __aeabi_ui2f
    main.o(i.START_ADC_MEASURING) refers to fmul.o(.text) for __aeabi_fmul
    main.o(i.START_ADC_MEASURING) refers to fscalb.o(.text) for __ARM_scalbnf
    main.o(i.START_ADC_MEASURING) refers to main.o(.data) for .data
    main.o(i.START_ADC_MEASURING) refers to main.o(.bss) for .bss
    main.o(i.START_VOLTAGE_COMPARING) refers to memcpya.o(.text) for __aeabi_memcpy4
    main.o(i.START_VOLTAGE_COMPARING) refers to fmul.o(.text) for __aeabi_fmul
    main.o(i.START_VOLTAGE_COMPARING) refers to fdiv.o(.text) for __aeabi_fdiv
    main.o(i.START_VOLTAGE_COMPARING) refers to fadd.o(.text) for __aeabi_frsub
    main.o(i.START_VOLTAGE_COMPARING) refers to cfrcmple.o(.text) for __aeabi_cfrcmple
    main.o(i.START_VOLTAGE_COMPARING) refers to cfcmple.o(.text) for __aeabi_cfcmple
    main.o(i.START_VOLTAGE_COMPARING) refers to main.o(.data) for .data
    main.o(i.START_VOLTAGE_COMPARING) refers to main.o(.constdata) for .constdata
    main.o(i.START_VOLTAGE_COMPARING) refers to main.o(.bss) for .bss
[...]
    I2C_WaitOnTXEFlagUntilTimeout            0x08002849   Thumb Code    78  stm32f1xx_hal_i2c.o(i.I2C_WaitOnTXEFlagUntilTimeout)
    i.IntToUnicode                           0x08002896   Section        0  usbd_desc.o(i.IntToUnicode)
    IntToUnicode                             0x08002897   Thumb Code    54  usbd_desc.o(i.IntToUnicode)
    i.LED_CLEAN_ALL                          0x080028cc   Section        0  main.o(i.LED_CLEAN_ALL)
    i.LED_WRITE                              0x080028e4   Section        0  main.o(i.LED_WRITE)
    i.MX_GPIO_Init                           0x08002954   Section        0  gpio.o(i.MX_GPIO_Init)
    i.MX_I2C1_Init                           0x080029c4   Section        0  i2c.o(i.MX_I2C1_Init)
    i.MX_USB_DEVICE_Init                     0x08002a04   Section        0  usb_device.o(i.MX_USB_DEVICE_Init)
    i.MemManage_Handler                      0x08002a58   Section        0  stm32f1xx_it.o(i.MemManage_Handler)
    i.NMI_Handler                            0x08002a5a   Section        0  stm32f1xx_it.o(i.NMI_Handler)
    i.NVIC_SetPriority                       0x08002a5c   Section        0  stm32f1xx_hal_cortex.o(i.NVIC_SetPriority)
    NVIC_SetPriority                         0x08002a5d   Thumb Code    32  stm32f1xx_hal_cortex.o(i.NVIC_SetPriority)
    i.OTG_FS_IRQHandler                      0x08002a7c   Section        0  stm32f1xx_it.o(i.OTG_FS_IRQHandler)
    i.PCD_WriteEmptyTxFifo                   0x08002a88   Section        0  stm32f1xx_hal_pcd.o(i.PCD_WriteEmptyTxFifo)
    PCD_WriteEmptyTxFifo                     0x08002a89   Thumb Code   128  stm32f1xx_hal_pcd.o(i.PCD_WriteEmptyTxFifo)
    i.PendSV_Handler                         0x08002b08   Section        0  stm32f1xx_it.o(i.PendSV_Handler)
    i.START_ADC_MEASURING                    0x08002b0c   Section        0  main.o(i.START_ADC_MEASURING)
    i.START_VOLTAGE_COMPARING                0x08002b8c   Section        0  main.o(i.START_VOLTAGE_COMPARING)
    i.SVC_Handler                            0x08002c30   Section        0  stm32f1xx_it.o(i.SVC_Handler)
    i.SysTick_Handler                        0x08002c32   Section        0  stm32f1xx_it.o(i.SysTick_Handler)
    i.SystemClock_Config                     0x08002c38   Section        0  main.o(i.SystemClock_Config)
    i.SystemInit                             0x08002cb4   Section        0  system_stm32f1xx.o(i.SystemInit)
    i.TIM6_IRQHandler                        0x08002d08   Section        0  stm32f1xx_it.o(i.TIM6_IRQHandler)
    i.TRANSMIT_CH_STATUS                     0x08002d14   Section        0  main.o(i.TRANSMIT_CH_STATUS)
    i.USBD_CDC_DataIn                        0x08003260   Section        0  usbd_cdc.o(i.USBD_CDC_DataIn)
    USBD_CDC_DataIn                          0x08003261   Thumb Code    20  usbd_cdc.o(i.USBD_CDC_DataIn)
    i.USBD_CDC_DataOut                       0x08003274   Section        0  usbd_cdc.o(i.USBD_CDC_DataOut)
    USBD_CDC_DataOut                         0x08003275   Thumb Code    46  usbd_cdc.o(i.USBD_CDC_DataOut)
    i.USBD_CDC_DeInit                        0x080032a2   Section        0  usbd_cdc.o(i.USBD_CDC_DeInit)
    USBD_CDC_DeInit                          0x080032a3   Thumb Code    60  usbd_cdc.o(i.USBD_CDC_DeInit)
    i.USBD_CDC_EP0_RxReady                   0x080032de   Section        0  usbd_cdc.o(i.USBD_CDC_EP0_RxReady)
    USBD_CDC_EP0_RxReady                     0x080032df   Thumb Code    36  usbd_cdc.o(i.USBD_CDC_EP0_RxReady)
    i.USBD_CDC_GetDeviceQualifierDescriptor  0x08003304   Section        0  usbd_cdc.o(i.USBD_CDC_GetDeviceQualifierDescriptor)
    i.USBD_CDC_GetFSCfgDesc                  0x08003310   Section        0  usbd_cdc.o(i.USBD_CDC_GetFSCfgDesc)
    USBD_CDC_GetFSCfgDesc                    0x08003311   Thumb Code     8  usbd_cdc.o(i.USBD_CDC_GetFSCfgDesc)
    i.USBD_CDC_GetHSCfgDesc                  0x0800331c   Section        0  usbd_cdc.o(i.USBD_CDC_GetHSCfgDesc)
    USBD_CDC_GetHSCfgDesc                    0x0800331d   Thumb Code     8  usbd_cdc.o(i.USBD_CDC_GetHSCfgDesc)
    i.USBD_CDC_GetOtherSpeedCfgDesc          0x08003328   Section        0  usbd_cdc.o(i.USBD_CDC_GetOtherSpeedCfgDesc)
    USBD_CDC_GetOtherSpeedCfgDesc            0x08003329   Thumb Code     8  usbd_cdc.o(i.USBD_CDC_GetOtherSpeedCfgDesc)
    i.USBD_CDC_Init                          0x08003334   Section        0  usbd_cdc.o(i.USBD_CDC_Init)
    USBD_CDC_Init                            0x08003335   Thumb Code   136  usbd_cdc.o(i.USBD_CDC_Init)
    i.USBD_CDC_ReceivePacket                 0x080033bc   Section        0  usbd_cdc.o(i.USBD_CDC_ReceivePacket)
    i.USBD_CDC_RegisterInterface             0x080033e4   Section        0  usbd_cdc.o(i.USBD_CDC_RegisterInterface)
    i.USBD_CDC_SetRxBuffer                   0x080033f4   Section        0  usbd_cdc.o(i.USBD_CDC_SetRxBuffer)
    i.USBD_CDC_SetTxBuffer                   0x08003400   Section        0  usbd_cdc.o(i.USBD_CDC_SetTxBuffer)
    i.USBD_CDC_Setup                         0x08003410   Section        0  usbd_cdc.o(i.USBD_CDC_Setup)
    USBD_CDC_Setup                           0x08003411   Thumb Code   106  usbd_cdc.o(i.USBD_CDC_Setup)
    i.USBD_CDC_TransmitPacket                0x08003480   Section        0  usbd_cdc.o(i.USBD_CDC_TransmitPacket)
    i.USBD_ClrClassConfig                    0x080034b0   Section        0  usbd_core.o(i.USBD_ClrClassConfig)
    i.USBD_CtlContinueRx                     0x080034be   Section        0  usbd_ioreq.o(i.USBD_CtlContinueRx)
    i.USBD_CtlContinueSendData               0x080034ce   Section        0  usbd_ioreq.o(i.USBD_CtlContinueSendData)
    i.USBD_CtlError                          0x080034de   Section        0  usbd_ctlreq.o(i.USBD_CtlError)
    i.USBD_CtlPrepareRx                      0x080034f4   Section        0  usbd_ioreq.o(i.USBD_CtlPrepareRx)
    i.USBD_CtlReceiveStatus                  0x08003512   Section        0  usbd_ioreq.o(i.USBD_CtlReceiveStatus)
    i.USBD_CtlSendData                       0x08003528   Section        0  usbd_ioreq.o(i.USBD_CtlSendData)
    i.USBD_CtlSendStatus                     0x08003542   Section        0  usbd_ioreq.o(i.USBD_CtlSendStatus)
    i.USBD_FS_ConfigStrDescriptor            0x08003558   Section        0  usbd_desc.o(i.USBD_FS_ConfigStrDescriptor)
    i.USBD_FS_DeviceDescriptor               0x08003578   Section        0  usbd_desc.o(i.USBD_FS_DeviceDescriptor)
    i.USBD_FS_InterfaceStrDescriptor         0x08003584   Section        0  usbd_desc.o(i.USBD_FS_InterfaceStrDescriptor)
    i.USBD_FS_LangIDStrDescriptor            0x080035a8   Section        0  usbd_desc.o(i.USBD_FS_LangIDStrDescriptor)
    i.USBD_FS_ManufacturerStrDescriptor      0x080035b4   Section        0  usbd_desc.o(i.USBD_FS_ManufacturerStrDescriptor)
    i.USBD_FS_ProductStrDescriptor           0x080035dc   Section        0  usbd_desc.o(i.USBD_FS_ProductStrDescriptor)
    i.USBD_FS_SerialStrDescriptor            0x08003608   Section        0  usbd_desc.o(i.USBD_FS_SerialStrDescriptor)
    i.USBD_GetDescriptor                     0x08003640   Section        0  usbd_ctlreq.o(i.USBD_GetDescriptor)
    USBD_GetDescriptor                       0x08003641   Thumb Code   224  usbd_ctlreq.o(i.USBD_GetDescriptor)
    i.USBD_GetString                         0x08003720   Section        0  usbd_ctlreq.o(i.USBD_GetString)
    i.USBD_Get_USB_Status                    0x08003766   Section        0  usbd_conf.o(i.USBD_Get_USB_Status)
    USBD_Get_USB_Status                      0x08003767   Thumb Code    24  usbd_conf.o(i.USBD_Get_USB_Status)
    i.USBD_Init                              0x0800377e   Section        0  usbd_core.o(i.USBD_Init)
    i.USBD_LL_ClearStallEP                   0x080037a8   Section        0  usbd_conf.o(i.USBD_LL_ClearStallEP)
    i.USBD_LL_CloseEP                        0x080037ba   Section        0  usbd_conf.o(i.USBD_LL_CloseEP)
    i.USBD_LL_DataInStage                    0x080037cc   Section        0  usbd_core.o(i.USBD_LL_DataInStage)
    i.USBD_LL_DataOutStage                   0x08003876   Section        0  usbd_core.o(i.USBD_LL_DataOutStage)
    i.USBD_LL_DevConnected                   0x080038e0   Section        0  usbd_core.o(i.USBD_LL_DevConnected)
    i.USBD_LL_DevDisconnected                0x080038e4   Section        0  usbd_core.o(i.USBD_LL_DevDisconnected)
    i.USBD_LL_GetRxDataSize                  0x080038fa   Section        0  usbd_conf.o(i.USBD_LL_GetRxDataSize)
    i.USBD_LL_Init                           0x08003904   Section        0  usbd_conf.o(i.USBD_LL_Init)
    i.USBD_LL_IsStallEP                      0x0800395c   Section        0  usbd_conf.o(i.USBD_LL_IsStallEP)
    i.USBD_LL_IsoINIncomplete                0x0800397c   Section        0  usbd_core.o(i.USBD_LL_IsoINIncomplete)
    i.USBD_LL_IsoOUTIncomplete               0x08003980   Section        0  usbd_core.o(i.USBD_LL_IsoOUTIncomplete)
    i.USBD_LL_OpenEP                         0x08003984   Section        0  usbd_conf.o(i.USBD_LL_OpenEP)
    i.USBD_LL_PrepareReceive                 0x0800399c   Section        0  usbd_conf.o(i.USBD_LL_PrepareReceive)
    i.USBD_LL_Reset                          0x080039ae   Section        0  usbd_core.o(i.USBD_LL_Reset)
    i.USBD_LL_Resume                         0x080039ec   Section        0  usbd_core.o(i.USBD_LL_Resume)
    i.USBD_LL_SOF                            0x080039f8   Section        0  usbd_core.o(i.USBD_LL_SOF)
    i.USBD_LL_SetSpeed                       0x08003a10   Section        0  usbd_core.o(i.USBD_LL_SetSpeed)
    i.USBD_LL_SetUSBAddress                  0x08003a16   Section        0  usbd_conf.o(i.USBD_LL_SetUSBAddress)
    i.USBD_LL_SetupStage                     0x08003a28   Section        0  usbd_core.o(i.USBD_LL_SetupStage)
    i.USBD_LL_StallEP                        0x08003a82   Section        0  usbd_conf.o(i.USBD_LL_StallEP)
    i.USBD_LL_Start                          0x08003a94   Section        0  usbd_conf.o(i.USBD_LL_Start)
    i.USBD_LL_Suspend                        0x08003aa6   Section        0  usbd_core.o(i.USBD_LL_Suspend)
    i.USBD_LL_Transmit                       0x08003ab8   Section        0  usbd_conf.o(i.USBD_LL_Transmit)
    i.USBD_ParseSetupRequest                 0x08003aca   Section        0  usbd_ctlreq.o(i.USBD_ParseSetupRequest)
    i.USBD_RegisterClass                     0x08003af2   Section        0  usbd_core.o(i.USBD_RegisterClass)
    i.USBD_SetClassConfig                    0x08003b02   Section        0  usbd_core.o(i.USBD_SetClassConfig)
    i.USBD_SetConfig                         0x08003b18   Section        0  usbd_ctlreq.o(i.USBD_SetConfig)
    USBD_SetConfig                           0x08003b19   Thumb Code   110  usbd_ctlreq.o(i.USBD_SetConfig)
    i.USBD_Start                             0x08003b8c   Section        0  usbd_core.o(i.USBD_Start)
    i.USBD_StdDevReq                         0x08003b96   Section        0  usbd_ctlreq.o(i.USBD_StdDevReq)
    i.USBD_StdEPReq                          0x08003c88   Section        0  usbd_ctlreq.o(i.USBD_StdEPReq)
    i.USBD_StdItfReq                         0x08003d64   Section        0  usbd_ctlreq.o(i.USBD_StdItfReq)
    i.USBD_static_free                       0x08003d98   Section        0  usbd_conf.o(i.USBD_static_free)
    i.USBD_static_malloc                     0x08003d9c   Section        0  usbd_conf.o(i.USBD_static_malloc)
    i.USB_ActivateEndpoint                   0x08003da4   Section        0  stm32f1xx_ll_usb.o(i.USB_ActivateEndpoint)
    i.USB_ActivateSetup                      0x08003e34   Section        0  stm32f1xx_ll_usb.o(i.USB_ActivateSetup)
    i.USB_CoreInit                           0x08003e68   Section        0  stm32f1xx_ll_usb.o(i.USB_CoreInit)
    i.USB_CoreReset                          0x08003e84   Section        0  stm32f1xx_ll_usb.o(i.USB_CoreReset)
    USB_CoreReset                            0x08003e85   Thumb Code    70  stm32f1xx_ll_usb.o(i.USB_CoreReset)
    i.USB_DeactivateEndpoint                 0x08003ed0   Section        0  stm32f1xx_ll_usb.o(i.USB_DeactivateEndpoint)
    i.USB_DevConnect                         0x08003f3e   Section        0  stm32f1xx_ll_usb.o(i.USB_DevConnect)
    i.USB_DevDisconnect                      0x08003f56   Section        0  stm32f1xx_ll_usb.o(i.USB_DevDisconnect)
    i.USB_DevInit                            0x08003f70   Section        0  stm32f1xx_ll_usb.o(i.USB_DevInit)
    i.USB_DisableGlobalInt                   0x08004078   Section        0  stm32f1xx_ll_usb.o(i.USB_DisableGlobalInt)
    i.USB_EP0StartXfer                       0x08004084   Section        0  stm32f1xx_ll_usb.o(i.USB_EP0StartXfer)
    i.USB_EP0_OutStart                       0x080041a0   Section        0  stm32f1xx_ll_usb.o(i.USB_EP0_OutStart)
    i.USB_EPClearStall                       0x080041ce   Section        0  stm32f1xx_ll_usb.o(i.USB_EPClearStall)
    i.USB_EPSetStall                         0x08004232   Section        0  stm32f1xx_ll_usb.o(i.USB_EPSetStall)
    i.USB_EPStartXfer                        0x08004290   Section        0  stm32f1xx_ll_usb.o(i.USB_EPStartXfer)
    i.USB_EnableGlobalInt                    0x08004484   Section        0  stm32f1xx_ll_usb.o(i.USB_EnableGlobalInt)
    i.USB_FlushRxFifo                        0x08004490   Section        0  stm32f1xx_ll_usb.o(i.USB_FlushRxFifo)
    i.USB_FlushTxFifo                        0x080044b0   Section        0  stm32f1xx_ll_usb.o(i.USB_FlushTxFifo)
    i.USB_GetMode                            0x080044d4   Section        0  stm32f1xx_ll_usb.o(i.USB_GetMode)
    i.USB_ReadDevAllInEpInterrupt            0x080044dc   Section        0  stm32f1xx_ll_usb.o(i.USB_ReadDevAllInEpInterrupt)
    i.USB_ReadDevAllOutEpInterrupt           0x080044ea   Section        0  stm32f1xx_ll_usb.o(i.USB_ReadDevAllOutEpInterrupt)
    i.USB_ReadDevInEPInterrupt               0x080044f8   Section        0  stm32f1xx_ll_usb.o(i.USB_ReadDevInEPInterrupt)
    i.USB_ReadDevOutEPInterrupt              0x08004516   Section        0  stm32f1xx_ll_usb.o(i.USB_ReadDevOutEPInterrupt)
    i.USB_ReadInterrupts                     0x08004526   Section        0  stm32f1xx_ll_usb.o(i.USB_ReadInterrupts)
    i.USB_ReadPacket                         0x0800452e   Section        0  stm32f1xx_ll_usb.o(i.USB_ReadPacket)
    i.USB_SetCurrentMode                     0x0800454e   Section        0  stm32f1xx_ll_usb.o(i.USB_SetCurrentMode)
    i.USB_SetDevAddress                      0x0800457a   Section        0  stm32f1xx_ll_usb.o(i.USB_SetDevAddress)
    i.USB_WritePacket                        0x0800459c   Section        0  stm32f1xx_ll_usb.o(i.USB_WritePacket)
    i.UsageFault_Handler                     0x080045be   Section        0  stm32f1xx_it.o(i.UsageFault_Handler)
    i.__0sprintf                             0x080045c0   Section        0  printfa.o(i.__0sprintf)
    i.__scatterload_copy                     0x080045e8   Section       14  handlers.o(i.__scatterload_copy)
    i.__scatterload_null                     0x080045f6   Section        2  handlers.o(i.__scatterload_null)
    i.__scatterload_zeroinit                 0x080045f8   Section       14  handlers.o(i.__scatterload_zeroinit)
    i._fp_digits                             0x08004608   Section        0  printfa.o(i._fp_digits)
    _fp_digits                               0x08004609   Thumb Code   366  printfa.o(i._fp_digits)
    i._printf_core                           0x0800478c   Section        0  printfa.o(i._printf_core)
    _printf_core                             0x0800478d   Thumb Code  1744  printfa.o(i._printf_core)
    i._printf_post_padding                   0x08004e68   Section        0  printfa.o(i._printf_post_padding)
    _printf_post_padding                     0x08004e69   Thumb Code    36  printfa.o(i._printf_post_padding)
    i._printf_pre_padding                    0x08004e8c   Section        0  printfa.o(i._printf_pre_padding)
    _printf_pre_padding                      0x08004e8d   Thumb Code    46  printfa.o(i._printf_pre_padding)
    i._sputc                                 0x08004eba   Section        0  printfa.o(i._sputc)
    _sputc                                   0x08004ebb   Thumb Code    10  printfa.o(i._sputc)
    i.main                                   0x08004ec4   Section        0  main.o(i.main)
    .constdata                               0x08004f48   Section       32  main.o(.constdata)
    .constdata                               0x08004f68   Section       16  system_stm32f1xx.o(.constdata)
    .constdata                               0x08004f78   Section        8  system_stm32f1xx.o(.constdata)
    .data                                    0x20000000   Section      324  main.o(.data)
    .data                                    0x20000144   Section       28  usbd_desc.o(.data)
    .data                                    0x20000160   Section       50  usbd_desc.o(.data)
    .data                                    0x20000194   Section       16  usbd_cdc_if.o(.data)
    .data                                    0x200001a4   Section       12  stm32f1xx_hal.o(.data)
    .data                                    0x200001b0   Section        4  system_stm32f1xx.o(.data)
    .data                                    0x200001b4   Section        1  usbd_ctlreq.o(.data)
    cfgidx                                   0x200001b4   Data           1  usbd_ctlreq.o(.data)
    .data                                    0x200001b8   Section      219  usbd_cdc.o(.data)
    ifalt                                    0x200001b8   Data           1  usbd_cdc.o(.data)
    USBD_CDC_DeviceQualifierDesc             0x200001bc   Data          10  usbd_cdc.o(.data)
    .data                                    0x20000294   Section       56  usbd_cdc.o(.data)
    .bss                                     0x200002cc   Section       32  main.o(.bss)
    .bss                                     0x200002ec   Section       84  i2c.o(.bss)
    .bss                                     0x20000340   Section       64  tim.o(.bss)
    .bss                                     0x20000380   Section      548  usb_device.o(.bss)
    .bss                                     0x200005a4   Section     1280  usbd_conf.o(.bss)
    mem                                      0x200005a4   Data         288  usbd_conf.o(.bss)
    .bss                                     0x20000aa4   Section      512  usbd_desc.o(.bss)
    .bss                                     0x20000ca4   Section      128  usbd_cdc_if.o(.bss)
    STACK                                    0x20000d28   Section     1024  startup_stm32f105xc.o(STACK)

    Global Symbols

    Symbol Name                              Value     Ov Type        Size  Object(Section)

    BuildAttributes$$THM_ISAv4$P$D$K$B$S$PE$A:L22UL41UL21$X:L11$S22US41US21$IEEE1$IW$USESV6$~STKCKD$USESV7$~SHL$OTIME$ROPI$EBA8$MICROLIB$REQ8$PRES8$EABIv2 0x00000000   Number         0  anon$$obj.o ABSOLUTE
    __ARM_use_no_argv                        0x00000000   Number         0  main.o ABSOLUTE
    _printf_a                                0x00000000   Number         0  stubs.o ABSOLUTE
    _printf_c                                0x00000000   Number         0  stubs.o ABSOLUTE
    _printf_charcount                        0x00000000   Number         0  stubs.o ABSOLUTE
    _printf_d                                0x00000000   Number         0  stubs.o ABSOLUTE
    _printf_e                                0x00000000   Number         0  stubs.o ABSOLUTE
    _printf_f                                0x00000000   Number         0  stubs.o ABSOLUTE
    _printf_flags                            0x00000000   Number         0  stubs.o ABSOLUTE
    _printf_fp_dec                           0x00000000   Number         0  stubs.o ABSOLUTE
    _printf_fp_hex                           0x00000000   Number         0  stubs.o ABSOLUTE
    _printf_g                                0x00000000   Number         0  stubs.o ABSOLUTE
    _printf_i                                0x00000000   Number         0  stubs.o ABSOLUTE
    _printf_int_dec                          0x00000000   Number         0  stubs.o ABSOLUTE
    _printf_l                                0x00000000   Number         0  stubs.o ABSOLUTE
    _printf_lc                               0x00000000   Number         0  stubs.o ABSOLUTE
    _printf_ll                               0x00000000   Number         0  stubs.o ABSOLUTE
    _printf_lld                              0x00000000   Number         0  stubs.o ABSOLUTE
    _printf_lli                              0x00000000   Number         0  stubs.o ABSOLUTE
    _printf_llo                              0x00000000   Number         0  stubs.o ABSOLUTE
    _printf_llu                              0x00000000   Number         0  stubs.o ABSOLUTE
    _printf_llx                              0x00000000   Number         0  stubs.o ABSOLUTE
    _printf_longlong_dec                     0x00000000   Number         0  stubs.o ABSOLUTE
    _printf_longlong_hex                     0x00000000   Number         0  stubs.o ABSOLUTE
    _printf_longlong_oct                     0x00000000   Number         0  stubs.o ABSOLUTE
    _printf_ls                               0x00000000   Number         0  stubs.o ABSOLUTE
    _printf_mbtowc                           0x00000000   Number         0  stubs.o ABSOLUTE
    _printf_n                                0x00000000   Number         0  stubs.o ABSOLUTE
    _printf_o                                0x00000000   Number         0  stubs.o ABSOLUTE
    _printf_p                                0x00000000   Number         0  stubs.o ABSOLUTE
    _printf_percent                          0x00000000   Number         0  stubs.o ABSOLUTE
    _printf_pre_padding                      0x00000000   Number         0  stubs.o ABSOLUTE
    _printf_return_value                     0x00000000   Number         0  stubs.o ABSOLUTE
    _printf_s                                0x00000000   Number         0  stubs.o ABSOLUTE
    _printf_sizespec                         0x00000000   Number         0  stubs.o ABSOLUTE
    _printf_str                              0x00000000   Number         0  stubs.o ABSOLUTE
    _printf_truncate_signed                  0x00000000   Number         0  stubs.o ABSOLUTE
    _printf_truncate_unsigned                0x00000000   Number         0  stubs.o ABSOLUTE
    _printf_u                                0x00000000   Number         0  stubs.o ABSOLUTE
    _printf_wc                               0x00000000   Number         0  stubs.o ABSOLUTE
    _printf_wctomb                           0x00000000   Number         0  stubs.o ABSOLUTE
    _printf_widthprec                        0x00000000   Number         0  stubs.o ABSOLUTE
    _printf_x                                0x00000000   Number         0  stubs.o ABSOLUTE
    __cpp_initialize__aeabi_                  - Undefined Weak Reference
    __cxa_finalize                            - Undefined Weak Reference
    _clock_init                               - Undefined Weak Reference
    _microlib_exit                            - Undefined Weak Reference
    __Vectors_Size                           0x00000150   Number         0  startup_stm32f105xc.o ABSOLUTE
    __Vectors                                0x08000000   Data           4  startup_stm32f105xc.o(RESET)
    __Vectors_End                            0x08000150   Data           0  startup_stm32f105xc.o(RESET)
    __main                                   0x08000151   Thumb Code     0  entry.o(.ARM.Collect$$$$00000000)
    _main_stk                                0x08000151   Thumb Code     0  entry2.o(.ARM.Collect$$$$00000001)
    _main_scatterload                        0x08000155   Thumb Code     0  entry5.o(.ARM.Collect$$$$00000004)
    __main_after_scatterload                 0x08000159   Thumb Code     0  entry5.o(.ARM.Collect$$$$00000004)
    _main_clock                              0x08000159   Thumb Code     0  entry7b.o(.ARM.Collect$$$$00000008)
    _main_cpp_init                           0x08000159   Thumb Code     0  entry8b.o(.ARM.Collect$$$$0000000A)
    _main_init                               0x08000159   Thumb Code     0  entry9a.o(.ARM.Collect$$$$0000000B)
    __rt_final_cpp                           0x08000161   Thumb Code     0  entry10a.o(.ARM.Collect$$$$0000000D)
    __rt_final_exit                          0x08000161   Thumb Code     0  entry11a.o(.ARM.Collect$$$$0000000F)
    Reset_Handler                            0x08000165   Thumb Code     8  startup_stm32f105xc.o(.text)
    ADC1_2_IRQHandler                        0x0800017f   Thumb Code     0  startup_stm32f105xc.o(.text)
    CAN1_RX0_IRQHandler                      0x0800017f   Thumb Code     0  startup_stm32f105xc.o(.text)
    CAN1_RX1_IRQHandler                      0x0800017f   Thumb Code     0  startup_stm32f105xc.o(.text)
    CAN1_SCE_IRQHandler                      0x0800017f   Thumb Code     0  startup_stm32f105xc.o(.text)
    CAN1_TX_IRQHandler                       0x0800017f   Thumb Code     0  startup_stm32f105xc.o(.text)
    CAN2_RX0_IRQHandler                      0x0800017f   Thumb Code     0  startup_stm32f105xc.o(.text)
    CAN2_RX1_IRQHandler                      0x0800017f   Thumb Code     0  startup_stm32f105xc.o(.text)
    CAN2_SCE_IRQHandler                      0x0800017f   Thumb Code     0  startup_stm32f105xc.o(.text)
    CAN2_TX_IRQHandler                       0x0800017f   Thumb Code     0  startup_stm32f105xc.o(.text)
    DMA1_Channel1_IRQHandler                 0x0800017f   Thumb Code     0  startup_stm32f105xc.o(.text)
    DMA1_Channel2_IRQHandler                 0x0800017f   Thumb Code     0  startup_stm32f105xc.o(.text)
    DMA1_Channel3_IRQHandler                 0x0800017f   Thumb Code     0  startup_stm32f105xc.o(.text)
    DMA1_Channel4_IRQHandler                 0x0800017f   Thumb Code     0  startup_stm32f105xc.o(.text)
    DMA1_Channel5_IRQHandler                 0x0800017f   Thumb Code     0  startup_stm32f105xc.o(.text)
    DMA1_Channel6_IRQHandler                 0x0800017f   Thumb Code     0  startup_stm32f105xc.o(.text)
    DMA1_Channel7_IRQHandler                 0x0800017f   Thumb Code     0  startup_stm32f105xc.o(.text)
    DMA2_Channel1_IRQHandler                 0x0800017f   Thumb Code     0  startup_stm32f105xc.o(.text)
    DMA2_Channel2_IRQHandler                 0x0800017f   Thumb Code     0  startup_stm32f105xc.o(.text)
    DMA2_Channel3_IRQHandler                 0x0800017f   Thumb Code     0  startup_stm32f105xc.o(.text)
    DMA2_Channel4_IRQHandler                 0x0800017f   Thumb Code     0  startup_stm32f105xc.o(.text)
    DMA2_Channel5_IRQHandler                 0x0800017f   Thumb Code     0  startup_stm32f105xc.o(.text)
    EXTI0_IRQHandler                         0x0800017f   Thumb Code     0  startup_stm32f105xc.o(.text)
    EXTI15_10_IRQHandler                     0x0800017f   Thumb Code     0  startup_stm32f105xc.o(.text)
    EXTI1_IRQHandler                         0x0800017f   Thumb Code     0  startup_stm32f105xc.o(.text)
    EXTI2_IRQHandler                         0x0800017f   Thumb Code     0  startup_stm32f105xc.o(.text)
    EXTI3_IRQHandler                         0x0800017f   Thumb Code     0  startup_stm32f105xc.o(.text)
    EXTI4_IRQHandler                         0x0800017f   Thumb Code     0  startup_stm32f105xc.o(.text)
    EXTI9_5_IRQHandler                       0x0800017f   Thumb Code     0  startup_stm32f105xc.o(.text)
    FLASH_IRQHandler                         0x0800017f   Thumb Code     0  startup_stm32f105xc.o(.text)
    I2C1_ER_IRQHandler                       0x0800017f   Thumb Code     0  startup_stm32f105xc.o(.text)
    I2C1_EV_IRQHandler                       0x0800017f   Thumb Code     0  startup_stm32f105xc.o(.text)
    I2C2_ER_IRQHandler                       0x0800017f   Thumb Code     0  startup_stm32f105xc.o(.text)
    I2C2_EV_IRQHandler                       0x0800017f   Thumb Code     0  startup_stm32f105xc.o(.text)
    OTG_FS_WKUP_IRQHandler                   0x0800017f   Thumb Code     0  startup_stm32f105xc.o(.text)
    PVD_IRQHandler                           0x0800017f   Thumb Code     0  startup_stm32f105xc.o(.text)
    RCC_IRQHandler                           0x0800017f   Thumb Code     0  startup_stm32f105xc.o(.text)
    RTC_Alarm_IRQHandler                     0x0800017f   Thumb Code     0  startup_stm32f105xc.o(.text)
    RTC_IRQHandler                           0x0800017f   Thumb Code     0  startup_stm32f105xc.o(.text)
    SPI1_IRQHandler                          0x0800017f   Thumb Code     0  startup_stm32f105xc.o(.text)
    SPI2_IRQHandler                          0x0800017f   Thumb Code     0  startup_stm32f105xc.o(.text)
    SPI3_IRQHandler                          0x0800017f   Thumb Code     0  startup_stm32f105xc.o(.text)
    TAMPER_IRQHandler                        0x0800017f   Thumb Code     0  startup_stm32f105xc.o(.text)
    TIM1_BRK_IRQHandler                      0x0800017f   Thumb Code     0  startup_stm32f105xc.o(.text)
    TIM1_CC_IRQHandler                       0x0800017f   Thumb Code     0  startup_stm32f105xc.o(.text)
    TIM1_TRG_COM_IRQHandler                  0x0800017f   Thumb Code     0  startup_stm32f105xc.o(.text)
    TIM1_UP_IRQHandler                       0x0800017f   Thumb Code     0  startup_stm32f105xc.o(.text)
    TIM2_IRQHandler                          0x0800017f   Thumb Code     0  startup_stm32f105xc.o(.text)
    TIM3_IRQHandler                          0x0800017f   Thumb Code     0  startup_stm32f105xc.o(.text)
    TIM4_IRQHandler                          0x0800017f   Thumb Code     0  startup_stm32f105xc.o(.text)
    TIM5_IRQHandler                          0x0800017f   Thumb Code     0  startup_stm32f105xc.o(.text)
    TIM7_IRQHandler                          0x0800017f   Thumb Code     0  startup_stm32f105xc.o(.text)
    UART4_IRQHandler                         0x0800017f   Thumb Code     0  startup_stm32f105xc.o(.text)
    UART5_IRQHandler                         0x0800017f   Thumb Code     0  startup_stm32f105xc.o(.text)
    USART1_IRQHandler                        0x0800017f   Thumb Code     0  startup_stm32f105xc.o(.text)
    USART2_IRQHandler                        0x0800017f   Thumb Code     0  startup_stm32f105xc.o(.text)
    USART3_IRQHandler                        0x0800017f   Thumb Code     0  startup_stm32f105xc.o(.text)
    WWDG_IRQHandler                          0x0800017f   Thumb Code     0  startup_stm32f105xc.o(.text)
    __aeabi_uldivmod                         0x08000189   Thumb Code    98  uldiv.o(.text)
    __aeabi_llsr                             0x080001eb   Thumb Code    32  llushr.o(.text)
    _ll_ushift_r                             0x080001eb   Thumb Code     0  llushr.o(.text)
    __aeabi_memcpy                           0x0800020b   Thumb Code    36  memcpya.o(.text)
    __aeabi_memcpy4                          0x0800020b   Thumb Code     0  memcpya.o(.text)
    __aeabi_memcpy8                          0x0800020b   Thumb Code     0  memcpya.o(.text)
    __aeabi_memset                           0x0800022f   Thumb Code    14  memseta.o(.text)
    __aeabi_memset4                          0x0800022f   Thumb Code     0  memseta.o(.text)
    __aeabi_memset8                          0x0800022f   Thumb Code     0  memseta.o(.text)
    __aeabi_memclr                           0x0800023d   Thumb Code     4  memseta.o(.text)
    __aeabi_memclr4                          0x0800023d   Thumb Code     0  memseta.o(.text)
    __aeabi_memclr8                          0x0800023d   Thumb Code     0  memseta.o(.text)
    _memset$wrapper                          0x08000241   Thumb Code    18  memseta.o(.text)
    strlen                                   0x08000253   Thumb Code    14  strlen.o(.text)
    __aeabi_fadd                             0x08000261   Thumb Code   164  fadd.o(.text)
    __aeabi_fsub                             0x08000305   Thumb Code     6  fadd.o(.text)
    __aeabi_frsub                            0x0800030b   Thumb Code     6  fadd.o(.text)
    __aeabi_fmul                             0x08000311   Thumb Code   100  fmul.o(.text)
    __aeabi_fdiv                             0x08000375   Thumb Code   124  fdiv.o(.text)
    __ARM_scalbnf                            0x080003f1   Thumb Code    24  fscalb.o(.text)
    scalbnf                                  0x080003f1   Thumb Code     0  fscalb.o(.text)
    __aeabi_ui2f                             0x08000409   Thumb Code    10  ffltui.o(.text)
    __aeabi_f2d                              0x08000413   Thumb Code    38  f2d.o(.text)
    __aeabi_cfcmpeq                          0x08000439   Thumb Code     0  cfcmple.o(.text)
    __aeabi_cfcmple                          0x08000439   Thumb Code    20  cfcmple.o(.text)
    __aeabi_cfrcmple                         0x0800044d   Thumb Code    20  cfrcmple.o(.text)
    __aeabi_uidiv                            0x08000461   Thumb Code     0  uidiv.o(.text)
    __aeabi_uidivmod                         0x08000461   Thumb Code    44  uidiv.o(.text)
    __aeabi_llsl                             0x0800048d   Thumb Code    30  llshl.o(.text)
    _ll_shift_l                              0x0800048d   Thumb Code     0  llshl.o(.text)
    __I$use$fp                               0x080004ab   Thumb Code     0  iusefp.o(.text)
    _float_round                             0x080004ab   Thumb Code    18  fepilogue.o(.text)
    _float_epilogue                          0x080004bd   Thumb Code    92  fepilogue.o(.text)
    __aeabi_dadd                             0x08000519   Thumb Code   322  dadd.o(.text)
    __aeabi_dsub                             0x0800065b   Thumb Code     6  dadd.o(.text)
    __aeabi_drsub                            0x08000661   Thumb Code     6  dadd.o(.text)
    __aeabi_dmul                             0x08000667   Thumb Code   228  dmul.o(.text)
    __aeabi_ddiv                             0x0800074b   Thumb Code   222  ddiv.o(.text)
    __aeabi_d2ulz                            0x08000829   Thumb Code    48  dfixul.o(.text)
    __aeabi_cdrcmple                         0x08000859   Thumb Code    48  cdrcmple.o(.text)
    __scatterload                            0x08000889   Thumb Code    28  init.o(.text)
    __scatterload_rt2                        0x08000889   Thumb Code     0  init.o(.text)
    __aeabi_lasr                             0x080008ad   Thumb Code    36  llsshr.o(.text)
    _ll_sshift_r                             0x080008ad   Thumb Code     0  llsshr.o(.text)
    _double_round                            0x080008d1   Thumb Code    30  depilogue.o(.text)
    _double_epilogue                         0x080008ef   Thumb Code   156  depilogue.o(.text)
    __decompress                             0x0800098b   Thumb Code     0  __dczerorl2.o(.text)
    __decompress1                            0x0800098b   Thumb Code    86  __dczerorl2.o(.text)
    BusFault_Handler                         0x080009e1   Thumb Code     2  stm32f1xx_it.o(i.BusFault_Handler)
    CDC_Transmit_FS                          0x08000a39   Thumb Code    38  usbd_cdc_if.o(i.CDC_Transmit_FS)
    DebugMon_Handler                         0x08000a65   Thumb Code     2  stm32f1xx_it.o(i.DebugMon_Handler)
    Error_Handler                            0x08000a67   Thumb Code     2  main.o(i.Error_Handler)
    HAL_Delay                                0x08000a69   Thumb Code    32  stm32f1xx_hal.o(i.HAL_Delay)
    HAL_GPIO_Init                            0x08000a8d   Thumb Code   422  stm32f1xx_hal_gpio.o(i.HAL_GPIO_Init)
    HAL_GPIO_WritePin                        0x08000c55   Thumb Code    10  stm32f1xx_hal_gpio.o(i.HAL_GPIO_WritePin)
    HAL_GetTick                              0x08000c61   Thumb Code     6  stm32f1xx_hal.o(i.HAL_GetTick)
    HAL_I2C_GetError                         0x08000c6d   Thumb Code     4  stm32f1xx_hal_i2c.o(i.HAL_I2C_GetError)
    HAL_I2C_Init                             0x08000c71   Thumb Code   302  stm32f1xx_hal_i2c.o(i.HAL_I2C_Init)
    HAL_I2C_Master_Receive                   0x08000db1   Thumb Code   516  stm32f1xx_hal_i2c.o(i.HAL_I2C_Master_Receive)
    HAL_I2C_Master_Transmit                  0x08000fc1   Thumb Code   304  stm32f1xx_hal_i2c.o(i.HAL_I2C_Master_Transmit)
    HAL_I2C_MspInit                          0x080010f9   Thumb Code    80  i2c.o(i.HAL_I2C_MspInit)
    HAL_IncTick                              0x08001155   Thumb Code    12  stm32f1xx_hal.o(i.HAL_IncTick)
    HAL_Init                                 0x08001165   Thumb Code    32  stm32f1xx_hal.o(i.HAL_Init)
    HAL_InitTick                             0x08001189   Thumb Code    54  stm32f1xx_hal.o(i.HAL_InitTick)
    HAL_MspInit                              0x080011c9   Thumb Code    52  stm32f1xx_hal_msp.o(i.HAL_MspInit)
    HAL_NVIC_EnableIRQ                       0x08001205   Thumb Code    22  stm32f1xx_hal_cortex.o(i.HAL_NVIC_EnableIRQ)
    HAL_NVIC_SetPriority                     0x0800121d   Thumb Code    60  stm32f1xx_hal_cortex.o(i.HAL_NVIC_SetPriority)
    HAL_NVIC_SetPriorityGrouping             0x0800125d   Thumb Code    26  stm32f1xx_hal_cortex.o(i.HAL_NVIC_SetPriorityGrouping)
    HAL_PCDEx_SetConnectionState             0x08001281   Thumb Code     2  stm32f1xx_hal_pcd_ex.o(i.HAL_PCDEx_SetConnectionState)
    HAL_PCDEx_SetRxFiFo                      0x08001283   Thumb Code     8  stm32f1xx_hal_pcd_ex.o(i.HAL_PCDEx_SetRxFiFo)
    HAL_PCDEx_SetTxFiFo                      0x0800128b   Thumb Code    68  stm32f1xx_hal_pcd_ex.o(i.HAL_PCDEx_SetTxFiFo)
    HAL_PCD_ConnectCallback                  0x080012cf   Thumb Code     8  usbd_conf.o(i.HAL_PCD_ConnectCallback)
    HAL_PCD_DataInStageCallback              0x080012d7   Thumb Code    18  usbd_conf.o(i.HAL_PCD_DataInStageCallback)
    HAL_PCD_DataOutStageCallback             0x080012e9   Thumb Code    20  usbd_conf.o(i.HAL_PCD_DataOutStageCallback)
    HAL_PCD_DisconnectCallback               0x080012fd   Thumb Code     8  usbd_conf.o(i.HAL_PCD_DisconnectCallback)
    HAL_PCD_EP_Close                         0x08001305   Thumb Code    68  stm32f1xx_hal_pcd.o(i.HAL_PCD_EP_Close)
    HAL_PCD_EP_ClrStall                      0x08001349   Thumb Code    80  stm32f1xx_hal_pcd.o(i.HAL_PCD_EP_ClrStall)
    HAL_PCD_EP_GetRxCount                    0x08001399   Thumb Code    20  stm32f1xx_hal_pcd.o(i.HAL_PCD_EP_GetRxCount)
    HAL_PCD_EP_Open                          0x080013ad   Thumb Code    72  stm32f1xx_hal_pcd.o(i.HAL_PCD_EP_Open)
    HAL_PCD_EP_Receive                       0x080013f5   Thumb Code    58  stm32f1xx_hal_pcd.o(i.HAL_PCD_EP_Receive)
    HAL_PCD_EP_SetStall                      0x0800142f   Thumb Code    94  stm32f1xx_hal_pcd.o(i.HAL_PCD_EP_SetStall)
    HAL_PCD_EP_Transmit                      0x0800148d   Thumb Code    54  stm32f1xx_hal_pcd.o(i.HAL_PCD_EP_Transmit)
    HAL_PCD_IRQHandler                       0x080014c3   Thumb Code   818  stm32f1xx_hal_pcd.o(i.HAL_PCD_IRQHandler)
    HAL_PCD_ISOINIncompleteCallback          0x080017f5   Thumb Code     8  usbd_conf.o(i.HAL_PCD_ISOINIncompleteCallback)
    HAL_PCD_ISOOUTIncompleteCallback         0x080017fd   Thumb Code     8  usbd_conf.o(i.HAL_PCD_ISOOUTIncompleteCallback)
    HAL_PCD_Init                             0x08001805   Thumb Code   196  stm32f1xx_hal_pcd.o(i.HAL_PCD_Init)
    HAL_PCD_MspInit                          0x080018c9   Thumb Code    84  usbd_conf.o(i.HAL_PCD_MspInit)
    HAL_PCD_ResetCallback                    0x08001925   Thumb Code    44  usbd_conf.o(i.HAL_PCD_ResetCallback)
    HAL_PCD_ResumeCallback                   0x08001951   Thumb Code     8  usbd_conf.o(i.HAL_PCD_ResumeCallback)
    HAL_PCD_SOFCallback                      0x08001959   Thumb Code     8  usbd_conf.o(i.HAL_PCD_SOFCallback)
    HAL_PCD_SetAddress                       0x08001961   Thumb Code    40  stm32f1xx_hal_pcd.o(i.HAL_PCD_SetAddress)
    HAL_PCD_SetupStageCallback               0x08001989   Thumb Code    14  usbd_conf.o(i.HAL_PCD_SetupStageCallback)
    HAL_PCD_Start                            0x08001997   Thumb Code    50  stm32f1xx_hal_pcd.o(i.HAL_PCD_Start)
    HAL_PCD_SuspendCallback                  0x080019c9   Thumb Code    44  usbd_conf.o(i.HAL_PCD_SuspendCallback)
    HAL_RCCEx_PeriphCLKConfig                0x080019f9   Thumb Code   380  stm32f1xx_hal_rcc_ex.o(i.HAL_RCCEx_PeriphCLKConfig)
    HAL_RCC_ClockConfig                      0x08001b85   Thumb Code   342  stm32f1xx_hal_rcc.o(i.HAL_RCC_ClockConfig)
    HAL_RCC_GetPCLK1Freq                     0x08001ced   Thumb Code    20  stm32f1xx_hal_rcc.o(i.HAL_RCC_GetPCLK1Freq)
    HAL_RCC_GetSysClockFreq                  0x08001d0d   Thumb Code   148  stm32f1xx_hal_rcc.o(i.HAL_RCC_GetSysClockFreq)
    HAL_RCC_OscConfig                        0x08001dd1   Thumb Code   932  stm32f1xx_hal_rcc.o(i.HAL_RCC_OscConfig)
    HAL_SYSTICK_Config                       0x08002189   Thumb Code    40  stm32f1xx_hal_cortex.o(i.HAL_SYSTICK_Config)
    HAL_TIMEx_BreakCallback                  0x080021b1   Thumb Code     2  stm32f1xx_hal_tim_ex.o(i.HAL_TIMEx_BreakCallback)
    HAL_TIMEx_CommutationCallback            0x080021b3   Thumb Code     2  stm32f1xx_hal_tim_ex.o(i.HAL_TIMEx_CommutationCallback)
    HAL_TIM_IC_CaptureCallback               0x080021b5   Thumb Code     2  stm32f1xx_hal_tim.o(i.HAL_TIM_IC_CaptureCallback)
    HAL_TIM_IRQHandler                       0x080021b7   Thumb Code   358  stm32f1xx_hal_tim.o(i.HAL_TIM_IRQHandler)
    HAL_TIM_OC_DelayElapsedCallback          0x0800231d   Thumb Code     2  stm32f1xx_hal_tim.o(i.HAL_TIM_OC_DelayElapsedCallback)
    HAL_TIM_PWM_PulseFinishedCallback        0x0800231f   Thumb Code     2  stm32f1xx_hal_tim.o(i.HAL_TIM_PWM_PulseFinishedCallback)
    HAL_TIM_PeriodElapsedCallback            0x08002321   Thumb Code     2  stm32f1xx_hal_tim.o(i.HAL_TIM_PeriodElapsedCallback)
    HAL_TIM_TriggerCallback                  0x08002323   Thumb Code     2  stm32f1xx_hal_tim.o(i.HAL_TIM_TriggerCallback)
    HardFault_Handler                        0x08002325   Thumb Code     2  stm32f1xx_it.o(i.HardFault_Handler)
    I2C1_Read_Byte                           0x08002329   Thumb Code   102  i2c_lib.o(i.I2C1_Read_Byte)
    I2C1_Write_Array                         0x080023d5   Thumb Code    88  i2c_lib.o(i.I2C1_Write_Array)
    I2C1_Write_Byte                          0x0800246d   Thumb Code   100  i2c_lib.o(i.I2C1_Write_Byte)
    LED_CLEAN_ALL                            0x080028cd   Thumb Code    20  main.o(i.LED_CLEAN_ALL)
    LED_WRITE                                0x080028e5   Thumb Code   100  main.o(i.LED_WRITE)
    MX_GPIO_Init                             0x08002955   Thumb Code   104  gpio.o(i.MX_GPIO_Init)
    MX_I2C1_Init                             0x080029c5   Thumb Code    50  i2c.o(i.MX_I2C1_Init)
    MX_USB_DEVICE_Init                       0x08002a05   Thumb Code    66  usb_device.o(i.MX_USB_DEVICE_Init)
    MemManage_Handler                        0x08002a59   Thumb Code     2  stm32f1xx_it.o(i.MemManage_Handler)
    NMI_Handler                              0x08002a5b   Thumb Code     2  stm32f1xx_it.o(i.NMI_Handler)
    OTG_FS_IRQHandler                        0x08002a7d   Thumb Code     6  stm32f1xx_it.o(i.OTG_FS_IRQHandler)
    PendSV_Handler                           0x08002b09   Thumb Code     2  stm32f1xx_it.o(i.PendSV_Handler)
    START_ADC_MEASURING                      0x08002b0d   Thumb Code   112  main.o(i.START_ADC_MEASURING)
    START_VOLTAGE_COMPARING                  0x08002b8d   Thumb Code   142  main.o(i.START_VOLTAGE_COMPARING)
    SVC_Handler                              0x08002c31   Thumb Code     2  stm32f1xx_it.o(i.SVC_Handler)
    SysTick_Handler                          0x08002c33   Thumb Code     4  stm32f1xx_it.o(i.SysTick_Handler)
    SystemClock_Config                       0x08002c39   Thumb Code   118  main.o(i.SystemClock_Config)
    SystemInit                               0x08002cb5   Thumb Code    68  system_stm32f1xx.o(i.SystemInit)
    TIM6_IRQHandler                          0x08002d09   Thumb Code     6  stm32f1xx_it.o(i.TIM6_IRQHandler)
    TRANSMIT_CH_STATUS                       0x08002d15   Thumb Code  1352  main.o(i.TRANSMIT_CH_STATUS)
    USBD_CDC_GetDeviceQualifierDescriptor    0x08003305   Thumb Code     8  usbd_cdc.o(i.USBD_CDC_GetDeviceQualifierDescriptor)
    USBD_CDC_ReceivePacket                   0x080033bd   Thumb Code    40  usbd_cdc.o(i.USBD_CDC_ReceivePacket)
    USBD_CDC_RegisterInterface               0x080033e5   Thumb Code    16  usbd_cdc.o(i.USBD_CDC_RegisterInterface)
    USBD_CDC_SetRxBuffer                     0x080033f5   Thumb Code    12  usbd_cdc.o(i.USBD_CDC_SetRxBuffer)
    USBD_CDC_SetTxBuffer                     0x08003401   Thumb Code    16  usbd_cdc.o(i.USBD_CDC_SetTxBuffer)
    USBD_CDC_TransmitPacket                  0x08003481   Thumb Code    48  usbd_cdc.o(i.USBD_CDC_TransmitPacket)
    USBD_ClrClassConfig                      0x080034b1   Thumb Code    14  usbd_core.o(i.USBD_ClrClassConfig)
    USBD_CtlContinueRx                       0x080034bf   Thumb Code    16  usbd_ioreq.o(i.USBD_CtlContinueRx)
    USBD_CtlContinueSendData                 0x080034cf   Thumb Code    16  usbd_ioreq.o(i.USBD_CtlContinueSendData)
    USBD_CtlError                            0x080034df   Thumb Code    22  usbd_ctlreq.o(i.USBD_CtlError)
    USBD_CtlPrepareRx                        0x080034f5   Thumb Code    30  usbd_ioreq.o(i.USBD_CtlPrepareRx)
    USBD_CtlReceiveStatus                    0x08003513   Thumb Code    22  usbd_ioreq.o(i.USBD_CtlReceiveStatus)
    USBD_CtlSendData                         0x08003529   Thumb Code    26  usbd_ioreq.o(i.USBD_CtlSendData)
    USBD_CtlSendStatus                       0x08003543   Thumb Code    22  usbd_ioreq.o(i.USBD_CtlSendStatus)
    USBD_FS_ConfigStrDescriptor              0x08003559   Thumb Code    16  usbd_desc.o(i.USBD_FS_ConfigStrDescriptor)
    USBD_FS_DeviceDescriptor                 0x08003579   Thumb Code     8  usbd_desc.o(i.USBD_FS_DeviceDescriptor)
    USBD_FS_InterfaceStrDescriptor           0x08003585   Thumb Code    16  usbd_desc.o(i.USBD_FS_InterfaceStrDescriptor)
    USBD_FS_LangIDStrDescriptor              0x080035a9   Thumb Code     8  usbd_desc.o(i.USBD_FS_LangIDStrDescriptor)
    USBD_FS_ManufacturerStrDescriptor        0x080035b5   Thumb Code    16  usbd_desc.o(i.USBD_FS_ManufacturerStrDescriptor)
    USBD_FS_ProductStrDescriptor             0x080035dd   Thumb Code    16  usbd_desc.o(i.USBD_FS_ProductStrDescriptor)
    USBD_FS_SerialStrDescriptor              0x08003609   Thumb Code    48  usbd_desc.o(i.USBD_FS_SerialStrDescriptor)
    USBD_GetString                           0x08003721   Thumb Code    70  usbd_ctlreq.o(i.USBD_GetString)
    USBD_Init                                0x0800377f   Thumb Code    42  usbd_core.o(i.USBD_Init)
    USBD_LL_ClearStallEP                     0x080037a9   Thumb Code    18  usbd_conf.o(i.USBD_LL_ClearStallEP)
    USBD_LL_CloseEP                          0x080037bb   Thumb Code    18  usbd_conf.o(i.USBD_LL_CloseEP)
    USBD_LL_DataInStage                      0x080037cd   Thumb Code   170  usbd_core.o(i.USBD_LL_DataInStage)
    USBD_LL_DataOutStage                     0x08003877   Thumb Code   106  usbd_core.o(i.USBD_LL_DataOutStage)
    USBD_LL_DevConnected                     0x080038e1   Thumb Code     4  usbd_core.o(i.USBD_LL_DevConnected)
    USBD_LL_DevDisconnected                  0x080038e5   Thumb Code    22  usbd_core.o(i.USBD_LL_DevDisconnected)
    USBD_LL_GetRxDataSize                    0x080038fb   Thumb Code     8  usbd_conf.o(i.USBD_LL_GetRxDataSize)
    USBD_LL_Init                             0x08003905   Thumb Code    84  usbd_conf.o(i.USBD_LL_Init)
    USBD_LL_IsStallEP                        0x0800395d   Thumb Code    32  usbd_conf.o(i.USBD_LL_IsStallEP)
    USBD_LL_IsoINIncomplete                  0x0800397d   Thumb Code     4  usbd_core.o(i.USBD_LL_IsoINIncomplete)
    USBD_LL_IsoOUTIncomplete                 0x08003981   Thumb Code     4  usbd_core.o(i.USBD_LL_IsoOUTIncomplete)
    USBD_LL_OpenEP                           0x08003985   Thumb Code    24  usbd_conf.o(i.USBD_LL_OpenEP)
    USBD_LL_PrepareReceive                   0x0800399d   Thumb Code    18  usbd_conf.o(i.USBD_LL_PrepareReceive)
    USBD_LL_Reset                            0x080039af   Thumb Code    62  usbd_core.o(i.USBD_LL_Reset)
    USBD_LL_Resume                           0x080039ed   Thumb Code    12  usbd_core.o(i.USBD_LL_Resume)
    USBD_LL_SOF                              0x080039f9   Thumb Code    24  usbd_core.o(i.USBD_LL_SOF)
    USBD_LL_SetSpeed                         0x08003a11   Thumb Code     6  usbd_core.o(i.USBD_LL_SetSpeed)
    USBD_LL_SetUSBAddress                    0x08003a17   Thumb Code    18  usbd_conf.o(i.USBD_LL_SetUSBAddress)
    USBD_LL_SetupStage                       0x08003a29   Thumb Code    90  usbd_core.o(i.USBD_LL_SetupStage)
    USBD_LL_StallEP                          0x08003a83   Thumb Code    18  usbd_conf.o(i.USBD_LL_StallEP)
    USBD_LL_Start                            0x08003a95   Thumb Code    18  usbd_conf.o(i.USBD_LL_Start)
    USBD_LL_Suspend                          0x08003aa7   Thumb Code    18  usbd_core.o(i.USBD_LL_Suspend)
    USBD_LL_Transmit                         0x08003ab9   Thumb Code    18  usbd_conf.o(i.USBD_LL_Transmit)
    USBD_ParseSetupRequest                   0x08003acb   Thumb Code    40  usbd_ctlreq.o(i.USBD_ParseSetupRequest)
    USBD_RegisterClass                       0x08003af3   Thumb Code    16  usbd_core.o(i.USBD_RegisterClass)
    USBD_SetClassConfig                      0x08003b03   Thumb Code    22  usbd_core.o(i.USBD_SetClassConfig)
    USBD_Start                               0x08003b8d   Thumb Code    10  usbd_core.o(i.USBD_Start)
    USBD_StdDevReq                           0x08003b97   Thumb Code   242  usbd_ctlreq.o(i.USBD_StdDevReq)
    USBD_StdEPReq                            0x08003c89   Thumb Code   220  usbd_ctlreq.o(i.USBD_StdEPReq)
    USBD_StdItfReq                           0x08003d65   Thumb Code    52  usbd_ctlreq.o(i.USBD_StdItfReq)
    USBD_static_free                         0x08003d99   Thumb Code     2  usbd_conf.o(i.USBD_static_free)
    USBD_static_malloc                       0x08003d9d   Thumb Code     4  usbd_conf.o(i.USBD_static_malloc)
    USB_ActivateEndpoint                     0x08003da5   Thumb Code   138  stm32f1xx_ll_usb.o(i.USB_ActivateEndpoint)
    USB_ActivateSetup                        0x08003e35   Thumb Code    52  stm32f1xx_ll_usb.o(i.USB_ActivateSetup)
    USB_CoreInit                             0x08003e69   Thumb Code    28  stm32f1xx_ll_usb.o(i.USB_CoreInit)
    USB_DeactivateEndpoint                   0x08003ed1   Thumb Code   110  stm32f1xx_ll_usb.o(i.USB_DeactivateEndpoint)
    USB_DevConnect                           0x08003f3f   Thumb Code    24  stm32f1xx_ll_usb.o(i.USB_DevConnect)
    USB_DevDisconnect                        0x08003f57   Thumb Code    24  stm32f1xx_ll_usb.o(i.USB_DevDisconnect)
    USB_DevInit                              0x08003f71   Thumb Code   254  stm32f1xx_ll_usb.o(i.USB_DevInit)
    USB_DisableGlobalInt                     0x08004079   Thumb Code    12  stm32f1xx_ll_usb.o(i.USB_DisableGlobalInt)
    USB_EP0StartXfer                         0x08004085   Thumb Code   278  stm32f1xx_ll_usb.o(i.USB_EP0StartXfer)
    USB_EP0_OutStart                         0x080041a1   Thumb Code    46  stm32f1xx_ll_usb.o(i.USB_EP0_OutStart)
    USB_EPClearStall                         0x080041cf   Thumb Code   100  stm32f1xx_ll_usb.o(i.USB_EPClearStall)
    USB_EPSetStall                           0x08004233   Thumb Code    94  stm32f1xx_ll_usb.o(i.USB_EPSetStall)
    USB_EPStartXfer                          0x08004291   Thumb Code   496  stm32f1xx_ll_usb.o(i.USB_EPStartXfer)
    USB_EnableGlobalInt                      0x08004485   Thumb Code    12  stm32f1xx_ll_usb.o(i.USB_EnableGlobalInt)
    USB_FlushRxFifo                          0x08004491   Thumb Code    28  stm32f1xx_ll_usb.o(i.USB_FlushRxFifo)
    USB_FlushTxFifo                          0x080044b1   Thumb Code    32  stm32f1xx_ll_usb.o(i.USB_FlushTxFifo)
    USB_GetMode                              0x080044d5   Thumb Code     8  stm32f1xx_ll_usb.o(i.USB_GetMode)
    USB_ReadDevAllInEpInterrupt              0x080044dd   Thumb Code    14  stm32f1xx_ll_usb.o(i.USB_ReadDevAllInEpInterrupt)
    USB_ReadDevAllOutEpInterrupt             0x080044eb   Thumb Code    14  stm32f1xx_ll_usb.o(i.USB_ReadDevAllOutEpInterrupt)
    USB_ReadDevInEPInterrupt                 0x080044f9   Thumb Code    30  stm32f1xx_ll_usb.o(i.USB_ReadDevInEPInterrupt)
    USB_ReadDevOutEPInterrupt                0x08004517   Thumb Code    16  stm32f1xx_ll_usb.o(i.USB_ReadDevOutEPInterrupt)
    USB_ReadInterrupts                       0x08004527   Thumb Code     8  stm32f1xx_ll_usb.o(i.USB_ReadInterrupts)
    USB_ReadPacket                           0x0800452f   Thumb Code    32  stm32f1xx_ll_usb.o(i.USB_ReadPacket)
    USB_SetCurrentMode                       0x0800454f   Thumb Code    44  stm32f1xx_ll_usb.o(i.USB_SetCurrentMode)
    USB_SetDevAddress                        0x0800457b   Thumb Code    34  stm32f1xx_ll_usb.o(i.USB_SetDevAddress)
    USB_WritePacket                          0x0800459d   Thumb Code    34  stm32f1xx_ll_usb.o(i.USB_WritePacket)
    UsageFault_Handler                       0x080045bf   Thumb Code     2  stm32f1xx_it.o(i.UsageFault_Handler)
    __0sprintf                               0x080045c1   Thumb Code    34  printfa.o(i.__0sprintf)
    __1sprintf                               0x080045c1   Thumb Code     0  printfa.o(i.__0sprintf)
    __2sprintf                               0x080045c1   Thumb Code     0  printfa.o(i.__0sprintf)
    __c89sprintf                             0x080045c1   Thumb Code     0  printfa.o(i.__0sprintf)
    sprintf                                  0x080045c1   Thumb Code     0  printfa.o(i.__0sprintf)
    __scatterload_copy                       0x080045e9   Thumb Code    14  handlers.o(i.__scatterload_copy)
    __scatterload_null                       0x080045f7   Thumb Code     2  handlers.o(i.__scatterload_null)
    __scatterload_zeroinit                   0x080045f9   Thumb Code    14  handlers.o(i.__scatterload_zeroinit)
    main                                     0x08004ec5   Thumb Code    96  main.o(i.main)
    AHBPrescTable                            0x08004f68   Data          16  system_stm32f1xx.o(.constdata)
    APBPrescTable                            0x08004f78   Data           8  system_stm32f1xx.o(.constdata)
    Region$$Table$$Base                      0x08004f80   Number         0  anon$$obj.o(Region$$Table)
    Region$$Table$$Limit                     0x08004fa0   Number         0  anon$$obj.o(Region$$Table)
    char_com_receive                         0x20000000   Data           1  main.o(.data)
    adc_command                              0x20000001   Data           8  main.o(.data)
    adc_receive                              0x20000009   Data           8  main.o(.data)
    CH_STATUS                                0x20000011   Data           8  main.o(.data)
    strCH0                                   0x20000019   Data          30  main.o(.data)
    strCH1                                   0x20000037   Data          28  main.o(.data)
    strCH2                                   0x20000053   Data          27  main.o(.data)
    strCH3                                   0x2000006e   Data          28  main.o(.data)
    strCH4                                   0x2000008a   Data          29  main.o(.data)
    strCH5                                   0x200000a7   Data          31  main.o(.data)
    strCH6                                   0x200000c6   Data          30  main.o(.data)
    strCH7                                   0x200000e4   Data          19  main.o(.data)
    strCH_ERROR                              0x200000f7   Data          40  main.o(.data)
    strCH_OK                                 0x2000011f   Data          37  main.o(.data)
    FS_Desc                                  0x20000144   Data          28  usbd_desc.o(.data)
    USBD_LangIDDesc                          0x20000160   Data           4  usbd_desc.o(.data)
    USBD_FS_DeviceDesc                       0x20000164   Data          18  usbd_desc.o(.data)
    USBD_StringSerial                        0x20000178   Data          26  usbd_desc.o(.data)
    USBD_Interface_fops_FS                   0x20000194   Data          16  usbd_cdc_if.o(.data)
    uwTickFreq                               0x200001a4   Data           1  stm32f1xx_hal.o(.data)
    uwTickPrio                               0x200001a8   Data           4  stm32f1xx_hal.o(.data)
    uwTick                                   0x200001ac   Data           4  stm32f1xx_hal.o(.data)
    SystemCoreClock                          0x200001b0   Data           4  system_stm32f1xx.o(.data)
    USBD_CDC_CfgHSDesc                       0x200001c8   Data          67  usbd_cdc.o(.data)
    USBD_CDC_CfgFSDesc                       0x2000020c   Data          67  usbd_cdc.o(.data)
    USBD_CDC_OtherSpeedCfgDesc               0x20000250   Data          67  usbd_cdc.o(.data)
    USBD_CDC                                 0x20000294   Data          56  usbd_cdc.o(.data)
    voltage_receive                          0x200002cc   Data          32  main.o(.bss)
    hi2c1                                    0x200002ec   Data          84  i2c.o(.bss)
    htim6                                    0x20000340   Data          64  tim.o(.bss)
    hUsbDeviceFS                             0x20000380   Data         548  usb_device.o(.bss)
    hpcd_USB_OTG_FS                          0x200006c4   Data         992  usbd_conf.o(.bss)
    USBD_StrDesc                             0x20000aa4   Data         512  usbd_desc.o(.bss)
    UserRxBufferFS                           0x20000ca4   Data          64  usbd_cdc_if.o(.bss)
    UserTxBufferFS                           0x20000ce4   Data          64  usbd_cdc_if.o(.bss)
    __initial_sp                             0x20001128   Data           0  startup_stm32f105xc.o(STACK)



==============================================================================

Memory Map of the image

  Image Entry point : 0x08000151

  Load Region LR_IROM1 (Base: 0x08000000, Size: 0x0000526c, Max: 0x00040000, ABSOLUTE, COMPRESSED[0x0000511c])

    Execution Region ER_IROM1 (Exec base: 0x08000000, Load base: 0x08000000, Size: 0x00004fa0, Max: 0x00040000, ABSOLUTE)

    Exec Addr    Load Addr    Size         Type   Attr      Idx    E Section Name        Object

    0x08000000   0x08000000   0x00000150   Data   RO            3    RESET               startup_stm32f105xc.o
    0x08000150   0x08000150   0x00000000   Code   RO         4225  * .ARM.Collect$$$$00000000  mc_w.l(entry.o)
    0x08000150   0x08000150   0x00000004   Code   RO         4517    .ARM.Collect$$$$00000001  mc_w.l(entry2.o)
    0x08000154   0x08000154   0x00000004   Code   RO         4520    .ARM.Collect$$$$00000004  mc_w.l(entry5.o)
    0x08000158   0x08000158   0x00000000   Code   RO         4522    .ARM.Collect$$$$00000008  mc_w.l(entry7b.o)
    0x08000158   0x08000158   0x00000000   Code   RO         4524    .ARM.Collect$$$$0000000A  mc_w.l(entry8b.o)
    0x08000158   0x08000158   0x00000008   Code   RO         4525    .ARM.Collect$$$$0000000B  mc_w.l(entry9a.o)
    0x08000160   0x08000160   0x00000000   Code   RO         4527    .ARM.Collect$$$$0000000D  mc_w.l(entry10a.o)
    0x08000160   0x08000160   0x00000000   Code   RO         4529    .ARM.Collect$$$$0000000F  mc_w.l(entry11a.o)
    0x08000160   0x08000160   0x00000004   Code   RO         4518    .ARM.Collect$$$$00002712  mc_w.l(entry2.o)
    0x08000164   0x08000164   0x00000024   Code   RO            4    .text               startup_stm32f105xc.o
    0x08000188   0x08000188   0x00000062   Code   RO         4228    .text               mc_w.l(uldiv.o)
    0x080001ea   0x080001ea   0x00000020   Code   RO         4230    .text               mc_w.l(llushr.o)
    0x0800020a   0x0800020a   0x00000024   Code   RO         4232    .text               mc_w.l(memcpya.o)
    0x0800022e   0x0800022e   0x00000024   Code   RO         4234    .text               mc_w.l(memseta.o)
    0x08000252   0x08000252   0x0000000e   Code   RO         4236    .text               mc_w.l(strlen.o)
    0x08000260   0x08000260   0x000000b0   Code   RO         4501    .text               mf_w.l(fadd.o)
    0x08000310   0x08000310   0x00000064   Code   RO         4503    .text               mf_w.l(fmul.o)
    0x08000374   0x08000374   0x0000007c   Code   RO         4505    .text               mf_w.l(fdiv.o)
    0x080003f0   0x080003f0   0x00000018   Code   RO         4507    .text               mf_w.l(fscalb.o)
    0x08000408   0x08000408   0x0000000a   Code   RO         4509    .text               mf_w.l(ffltui.o)
    0x08000412   0x08000412   0x00000026   Code   RO         4511    .text               mf_w.l(f2d.o)
    0x08000438   0x08000438   0x00000014   Code   RO         4513    .text               mf_w.l(cfcmple.o)
    0x0800044c   0x0800044c   0x00000014   Code   RO         4515    .text               mf_w.l(cfrcmple.o)
    0x08000460   0x08000460   0x0000002c   Code   RO         4534    .text               mc_w.l(uidiv.o)
    0x0800048c   0x0800048c   0x0000001e   Code   RO         4536    .text               mc_w.l(llshl.o)
    0x080004aa   0x080004aa   0x00000000   Code   RO         4538    .text               mc_w.l(iusefp.o)
    0x080004aa   0x080004aa   0x0000006e   Code   RO         4539    .text               mf_w.l(fepilogue.o)
    0x08000518   0x08000518   0x0000014e   Code   RO         4541    .text               mf_w.l(dadd.o)
    0x08000666   0x08000666   0x000000e4   Code   RO         4543    .text               mf_w.l(dmul.o)
    0x0800074a   0x0800074a   0x000000de   Code   RO         4545    .text               mf_w.l(ddiv.o)
    0x08000828   0x08000828   0x00000030   Code   RO         4547    .text               mf_w.l(dfixul.o)
    0x08000858   0x08000858   0x00000030   Code   RO         4549    .text               mf_w.l(cdrcmple.o)
    0x08000888   0x08000888   0x00000024   Code   RO         4551    .text               mc_w.l(init.o)
    0x080008ac   0x080008ac   0x00000024   Code   RO         4554    .text               mc_w.l(llsshr.o)
    0x080008d0   0x080008d0   0x000000ba   Code   RO         4557    .text               mf_w.l(depilogue.o)
    0x0800098a   0x0800098a   0x00000056   Code   RO         4567    .text               mc_w.l(__dczerorl2.o)
    0x080009e0   0x080009e0   0x00000002   Code   RO          949    i.BusFault_Handler  stm32f1xx_it.o
    0x080009e2   0x080009e2   0x00000004   Code   RO          794    i.CDC_Control_FS    usbd_cdc_if.o
    0x080009e6   0x080009e6   0x00000004   Code   RO          795    i.CDC_DeInit_FS     usbd_cdc_if.o
    0x080009ea   0x080009ea   0x00000002   PAD
    0x080009ec   0x080009ec   0x00000024   Code   RO          796    i.CDC_Init_FS       usbd_cdc_if.o
    0x08000a10   0x08000a10   0x00000028   Code   RO          797    i.CDC_Receive_FS    usbd_cdc_if.o
    0x08000a38   0x08000a38   0x0000002c   Code   RO          798    i.CDC_Transmit_FS   usbd_cdc_if.o
    0x08000a64   0x08000a64   0x00000002   Code   RO          950    i.DebugMon_Handler  stm32f1xx_it.o
    0x08000a66   0x08000a66   0x00000002   Code   RO          142    i.Error_Handler     main.o
    0x08000a68   0x08000a68   0x00000024   Code   RO         2913    i.HAL_Delay         stm32f1xx_hal.o
    0x08000a8c   0x08000a8c   0x000001c8   Code   RO         3233    i.HAL_GPIO_Init     stm32f1xx_hal_gpio.o
    0x08000c54   0x08000c54   0x0000000a   Code   RO         3237    i.HAL_GPIO_WritePin  stm32f1xx_hal_gpio.o
    0x08000c5e   0x08000c5e   0x00000002   PAD
    0x08000c60   0x08000c60   0x0000000c   Code   RO         2917    i.HAL_GetTick       stm32f1xx_hal.o
    0x08000c6c   0x08000c6c   0x00000004   Code   RO         1652    i.HAL_I2C_GetError  stm32f1xx_hal_i2c.o
    0x08000c70   0x08000c70   0x00000140   Code   RO         1655    i.HAL_I2C_Init      stm32f1xx_hal_i2c.o
    0x08000db0   0x08000db0   0x00000210   Code   RO         1661    i.HAL_I2C_Master_Receive  stm32f1xx_hal_i2c.o
    0x08000fc0   0x08000fc0   0x00000138   Code   RO         1666    i.HAL_I2C_Master_Transmit  stm32f1xx_hal_i2c.o
    0x080010f8   0x080010f8   0x0000005c   Code   RO          375    i.HAL_I2C_MspInit   i2c.o
    0x08001154   0x08001154   0x00000010   Code   RO         2921    i.HAL_IncTick       stm32f1xx_hal.o
    0x08001164   0x08001164   0x00000024   Code   RO         2922    i.HAL_Init          stm32f1xx_hal.o
    0x08001188   0x08001188   0x00000040   Code   RO         2923    i.HAL_InitTick      stm32f1xx_hal.o
    0x080011c8   0x080011c8   0x0000003c   Code   RO         1037    i.HAL_MspInit       stm32f1xx_hal_msp.o
    0x08001204   0x08001204   0x00000016   Code   RO         3393    i.HAL_NVIC_EnableIRQ  stm32f1xx_hal_cortex.o
    0x0800121a   0x0800121a   0x00000002   PAD
    0x0800121c   0x0800121c   0x00000040   Code   RO         3399    i.HAL_NVIC_SetPriority  stm32f1xx_hal_cortex.o
    0x0800125c   0x0800125c   0x00000024   Code   RO         3400    i.HAL_NVIC_SetPriorityGrouping  stm32f1xx_hal_cortex.o
    0x08001280   0x08001280   0x00000002   Code   RO         1326    i.HAL_PCDEx_SetConnectionState  stm32f1xx_hal_pcd_ex.o
    0x08001282   0x08001282   0x00000008   Code   RO         1327    i.HAL_PCDEx_SetRxFiFo  stm32f1xx_hal_pcd_ex.o
    0x0800128a   0x0800128a   0x00000044   Code   RO         1328    i.HAL_PCDEx_SetTxFiFo  stm32f1xx_hal_pcd_ex.o
    0x080012ce   0x080012ce   0x00000008   Code   RO          515    i.HAL_PCD_ConnectCallback  usbd_conf.o
    0x080012d6   0x080012d6   0x00000012   Code   RO          516    i.HAL_PCD_DataInStageCallback  usbd_conf.o
    0x080012e8   0x080012e8   0x00000014   Code   RO          517    i.HAL_PCD_DataOutStageCallback  usbd_conf.o
    0x080012fc   0x080012fc   0x00000008   Code   RO          518    i.HAL_PCD_DisconnectCallback  usbd_conf.o
    0x08001304   0x08001304   0x00000044   Code   RO         1120    i.HAL_PCD_EP_Close  stm32f1xx_hal_pcd.o
    0x08001348   0x08001348   0x00000050   Code   RO         1121    i.HAL_PCD_EP_ClrStall  stm32f1xx_hal_pcd.o
    0x08001398   0x08001398   0x00000014   Code   RO         1123    i.HAL_PCD_EP_GetRxCount  stm32f1xx_hal_pcd.o
    0x080013ac   0x080013ac   0x00000048   Code   RO         1124    i.HAL_PCD_EP_Open   stm32f1xx_hal_pcd.o
    0x080013f4   0x080013f4   0x0000003a   Code   RO         1125    i.HAL_PCD_EP_Receive  stm32f1xx_hal_pcd.o
    0x0800142e   0x0800142e   0x0000005e   Code   RO         1126    i.HAL_PCD_EP_SetStall  stm32f1xx_hal_pcd.o
    0x0800148c   0x0800148c   0x00000036   Code   RO         1127    i.HAL_PCD_EP_Transmit  stm32f1xx_hal_pcd.o
    0x080014c2   0x080014c2   0x00000332   Code   RO         1129    i.HAL_PCD_IRQHandler  stm32f1xx_hal_pcd.o
    0x080017f4   0x080017f4   0x00000008   Code   RO          519    i.HAL_PCD_ISOINIncompleteCallback  usbd_conf.o
    0x080017fc   0x080017fc   0x00000008   Code   RO          520    i.HAL_PCD_ISOOUTIncompleteCallback  usbd_conf.o
    0x08001804   0x08001804   0x000000c4   Code   RO         1132    i.HAL_PCD_Init      stm32f1xx_hal_pcd.o
    0x080018c8   0x080018c8   0x0000005c   Code   RO          522    i.HAL_PCD_MspInit   usbd_conf.o
    0x08001924   0x08001924   0x0000002c   Code   RO          523    i.HAL_PCD_ResetCallback  usbd_conf.o
    0x08001950   0x08001950   0x00000008   Code   RO          524    i.HAL_PCD_ResumeCallback  usbd_conf.o
    0x08001958   0x08001958   0x00000008   Code   RO          525    i.HAL_PCD_SOFCallback  usbd_conf.o
    0x08001960   0x08001960   0x00000028   Code   RO         1138    i.HAL_PCD_SetAddress  stm32f1xx_hal_pcd.o
    0x08001988   0x08001988   0x0000000e   Code   RO          526    i.HAL_PCD_SetupStageCallback  usbd_conf.o
    0x08001996   0x08001996   0x00000032   Code   RO         1140    i.HAL_PCD_Start     stm32f1xx_hal_pcd.o
    0x080019c8   0x080019c8   0x00000030   Code   RO          527    i.HAL_PCD_SuspendCallback  usbd_conf.o
    0x080019f8   0x080019f8   0x0000018c   Code   RO         3176    i.HAL_RCCEx_PeriphCLKConfig  stm32f1xx_hal_rcc_ex.o
    0x08001b84   0x08001b84   0x00000168   Code   RO         3069    i.HAL_RCC_ClockConfig  stm32f1xx_hal_rcc.o
    0x08001cec   0x08001cec   0x00000020   Code   RO         3076    i.HAL_RCC_GetPCLK1Freq  stm32f1xx_hal_rcc.o
    0x08001d0c   0x08001d0c   0x000000c4   Code   RO         3078    i.HAL_RCC_GetSysClockFreq  stm32f1xx_hal_rcc.o
    0x08001dd0   0x08001dd0   0x000003b8   Code   RO         3081    i.HAL_RCC_OscConfig  stm32f1xx_hal_rcc.o
    0x08002188   0x08002188   0x00000028   Code   RO         3404    i.HAL_SYSTICK_Config  stm32f1xx_hal_cortex.o
    0x080021b0   0x080021b0   0x00000002   Code   RO         2673    i.HAL_TIMEx_BreakCallback  stm32f1xx_hal_tim_ex.o
    0x080021b2   0x080021b2   0x00000002   Code   RO         2674    i.HAL_TIMEx_CommutationCallback  stm32f1xx_hal_tim_ex.o
    0x080021b4   0x080021b4   0x00000002   Code   RO         2073    i.HAL_TIM_IC_CaptureCallback  stm32f1xx_hal_tim.o
    0x080021b6   0x080021b6   0x00000166   Code   RO         2086    i.HAL_TIM_IRQHandler  stm32f1xx_hal_tim.o
    0x0800231c   0x0800231c   0x00000002   Code   RO         2089    i.HAL_TIM_OC_DelayElapsedCallback  stm32f1xx_hal_tim.o
    0x0800231e   0x0800231e   0x00000002   Code   RO         2116    i.HAL_TIM_PWM_PulseFinishedCallback  stm32f1xx_hal_tim.o
    0x08002320   0x08002320   0x00000002   Code   RO         2123    i.HAL_TIM_PeriodElapsedCallback  stm32f1xx_hal_tim.o
    0x08002322   0x08002322   0x00000002   Code   RO         2127    i.HAL_TIM_TriggerCallback  stm32f1xx_hal_tim.o
    0x08002324   0x08002324   0x00000002   Code   RO          951    i.HardFault_Handler  stm32f1xx_it.o
    0x08002326   0x08002326   0x00000002   PAD
    0x08002328   0x08002328   0x000000ac   Code   RO           13    i.I2C1_Read_Byte    i2c_lib.o
    0x080023d4   0x080023d4   0x00000098   Code   RO           14    i.I2C1_Write_Array  i2c_lib.o
    0x0800246c   0x0800246c   0x000000a8   Code   RO           15    i.I2C1_Write_Byte   i2c_lib.o
    0x08002514   0x08002514   0x00000028   Code   RO         1693    i.I2C_IsAcknowledgeFailed  stm32f1xx_hal_i2c.o
    0x0800253c   0x0800253c   0x000000de   Code   RO         1696    i.I2C_MasterRequestRead  stm32f1xx_hal_i2c.o
    0x0800261a   0x0800261a   0x00000002   PAD
    0x0800261c   0x0800261c   0x00000094   Code   RO         1697    i.I2C_MasterRequestWrite  stm32f1xx_hal_i2c.o
    0x080026b0   0x080026b0   0x0000004e   Code   RO         1706    i.I2C_WaitOnBTFFlagUntilTimeout  stm32f1xx_hal_i2c.o
    0x080026fe   0x080026fe   0x00000060   Code   RO         1707    i.I2C_WaitOnFlagUntilTimeout  stm32f1xx_hal_i2c.o
    0x0800275e   0x0800275e   0x00000086   Code   RO         1708    i.I2C_WaitOnMasterAddressFlagUntilTimeout  stm32f1xx_hal_i2c.o
    0x080027e4   0x080027e4   0x00000064   Code   RO         1709    i.I2C_WaitOnRXNEFlagUntilTimeout  stm32f1xx_hal_i2c.o
    0x08002848   0x08002848   0x0000004e   Code   RO         1710    i.I2C_WaitOnTXEFlagUntilTimeout  stm32f1xx_hal_i2c.o
    0x08002896   0x08002896   0x00000036   Code   RO          721    i.IntToUnicode      usbd_desc.o
    0x080028cc   0x080028cc   0x00000018   Code   RO          143    i.LED_CLEAN_ALL     main.o
    0x080028e4   0x080028e4   0x00000070   Code   RO          144    i.LED_WRITE         main.o
    0x08002954   0x08002954   0x00000070   Code   RO          344    i.MX_GPIO_Init      gpio.o
    0x080029c4   0x080029c4   0x00000040   Code   RO          376    i.MX_I2C1_Init      i2c.o
    0x08002a04   0x08002a04   0x00000054   Code   RO          458    i.MX_USB_DEVICE_Init  usb_device.o
    0x08002a58   0x08002a58   0x00000002   Code   RO          952    i.MemManage_Handler  stm32f1xx_it.o
    0x08002a5a   0x08002a5a   0x00000002   Code   RO          953    i.NMI_Handler       stm32f1xx_it.o
    0x08002a5c   0x08002a5c   0x00000020   Code   RO         3406    i.NVIC_SetPriority  stm32f1xx_hal_cortex.o
    0x08002a7c   0x08002a7c   0x0000000c   Code   RO          954    i.OTG_FS_IRQHandler  stm32f1xx_it.o
    0x08002a88   0x08002a88   0x00000080   Code   RO         1143    i.PCD_WriteEmptyTxFifo  stm32f1xx_hal_pcd.o
    0x08002b08   0x08002b08   0x00000002   Code   RO          955    i.PendSV_Handler    stm32f1xx_it.o
    0x08002b0a   0x08002b0a   0x00000002   PAD
    0x08002b0c   0x08002b0c   0x00000080   Code   RO          145    i.START_ADC_MEASURING  main.o
    0x08002b8c   0x08002b8c   0x000000a4   Code   RO          146    i.START_VOLTAGE_COMPARING  main.o
    0x08002c30   0x08002c30   0x00000002   Code   RO          956    i.SVC_Handler       stm32f1xx_it.o
    0x08002c32   0x08002c32   0x00000004   Code   RO          957    i.SysTick_Handler   stm32f1xx_it.o
    0x08002c36   0x08002c36   0x00000002   PAD
    0x08002c38   0x08002c38   0x0000007c   Code   RO          147    i.SystemClock_Config  main.o
    0x08002cb4   0x08002cb4   0x00000054   Code   RO         3822    i.SystemInit        system_stm32f1xx.o
    0x08002d08   0x08002d08   0x0000000c   Code   RO          958    i.TIM6_IRQHandler   stm32f1xx_it.o
    0x08002d14   0x08002d14   0x0000054c   Code   RO          148    i.TRANSMIT_CH_STATUS  main.o
    0x08003260   0x08003260   0x00000014   Code   RO         4122    i.USBD_CDC_DataIn   usbd_cdc.o
    0x08003274   0x08003274   0x0000002e   Code   RO         4123    i.USBD_CDC_DataOut  usbd_cdc.o
    0x080032a2   0x080032a2   0x0000003c   Code   RO         4124    i.USBD_CDC_DeInit   usbd_cdc.o
    0x080032de   0x080032de   0x00000024   Code   RO         4125    i.USBD_CDC_EP0_RxReady  usbd_cdc.o
    0x08003302   0x08003302   0x00000002   PAD
    0x08003304   0x08003304   0x0000000c   Code   RO         4126    i.USBD_CDC_GetDeviceQualifierDescriptor  usbd_cdc.o
    0x08003310   0x08003310   0x0000000c   Code   RO         4127    i.USBD_CDC_GetFSCfgDesc  usbd_cdc.o
    0x0800331c   0x0800331c   0x0000000c   Code   RO         4128    i.USBD_CDC_GetHSCfgDesc  usbd_cdc.o
    0x08003328   0x08003328   0x0000000c   Code   RO         4129    i.USBD_CDC_GetOtherSpeedCfgDesc  usbd_cdc.o
    0x08003334   0x08003334   0x00000088   Code   RO         4130    i.USBD_CDC_Init     usbd_cdc.o
    0x080033bc   0x080033bc   0x00000028   Code   RO         4131    i.USBD_CDC_ReceivePacket  usbd_cdc.o
    0x080033e4   0x080033e4   0x00000010   Code   RO         4132    i.USBD_CDC_RegisterInterface  usbd_cdc.o
    0x080033f4   0x080033f4   0x0000000c   Code   RO         4133    i.USBD_CDC_SetRxBuffer  usbd_cdc.o
    0x08003400   0x08003400   0x00000010   Code   RO         4134    i.USBD_CDC_SetTxBuffer  usbd_cdc.o
    0x08003410   0x08003410   0x00000070   Code   RO         4135    i.USBD_CDC_Setup    usbd_cdc.o
    0x08003480   0x08003480   0x00000030   Code   RO         4136    i.USBD_CDC_TransmitPacket  usbd_cdc.o
    0x080034b0   0x080034b0   0x0000000e   Code   RO         3859    i.USBD_ClrClassConfig  usbd_core.o
    0x080034be   0x080034be   0x00000010   Code   RO         4062    i.USBD_CtlContinueRx  usbd_ioreq.o
    0x080034ce   0x080034ce   0x00000010   Code   RO         4063    i.USBD_CtlContinueSendData  usbd_ioreq.o
    0x080034de   0x080034de   0x00000016   Code   RO         3997    i.USBD_CtlError     usbd_ctlreq.o
    0x080034f4   0x080034f4   0x0000001e   Code   RO         4064    i.USBD_CtlPrepareRx  usbd_ioreq.o
    0x08003512   0x08003512   0x00000016   Code   RO         4065    i.USBD_CtlReceiveStatus  usbd_ioreq.o
    0x08003528   0x08003528   0x0000001a   Code   RO         4066    i.USBD_CtlSendData  usbd_ioreq.o
    0x08003542   0x08003542   0x00000016   Code   RO         4067    i.USBD_CtlSendStatus  usbd_ioreq.o
    0x08003558   0x08003558   0x00000020   Code   RO          722    i.USBD_FS_ConfigStrDescriptor  usbd_desc.o
    0x08003578   0x08003578   0x0000000c   Code   RO          723    i.USBD_FS_DeviceDescriptor  usbd_desc.o
    0x08003584   0x08003584   0x00000024   Code   RO          724    i.USBD_FS_InterfaceStrDescriptor  usbd_desc.o
    0x080035a8   0x080035a8   0x0000000c   Code   RO          725    i.USBD_FS_LangIDStrDescriptor  usbd_desc.o
    0x080035b4   0x080035b4   0x00000028   Code   RO          726    i.USBD_FS_ManufacturerStrDescriptor  usbd_desc.o
    0x080035dc   0x080035dc   0x0000002c   Code   RO          727    i.USBD_FS_ProductStrDescriptor  usbd_desc.o
    0x08003608   0x08003608   0x00000038   Code   RO          728    i.USBD_FS_SerialStrDescriptor  usbd_desc.o
    0x08003640   0x08003640   0x000000e0   Code   RO         3998    i.USBD_GetDescriptor  usbd_ctlreq.o
    0x08003720   0x08003720   0x00000046   Code   RO         3999    i.USBD_GetString    usbd_ctlreq.o
    0x08003766   0x08003766   0x00000018   Code   RO          528    i.USBD_Get_USB_Status  usbd_conf.o
    0x0800377e   0x0800377e   0x0000002a   Code   RO         3861    i.USBD_Init         usbd_core.o
    0x080037a8   0x080037a8   0x00000012   Code   RO          529    i.USBD_LL_ClearStallEP  usbd_conf.o
    0x080037ba   0x080037ba   0x00000012   Code   RO          530    i.USBD_LL_CloseEP   usbd_conf.o
    0x080037cc   0x080037cc   0x000000aa   Code   RO         3862    i.USBD_LL_DataInStage  usbd_core.o
    0x08003876   0x08003876   0x0000006a   Code   RO         3863    i.USBD_LL_DataOutStage  usbd_core.o
    0x080038e0   0x080038e0   0x00000004   Code   RO         3864    i.USBD_LL_DevConnected  usbd_core.o
    0x080038e4   0x080038e4   0x00000016   Code   RO         3865    i.USBD_LL_DevDisconnected  usbd_core.o
    0x080038fa   0x080038fa   0x00000008   Code   RO          534    i.USBD_LL_GetRxDataSize  usbd_conf.o
    0x08003902   0x08003902   0x00000002   PAD
    0x08003904   0x08003904   0x00000058   Code   RO          535    i.USBD_LL_Init      usbd_conf.o
    0x0800395c   0x0800395c   0x00000020   Code   RO          536    i.USBD_LL_IsStallEP  usbd_conf.o
    0x0800397c   0x0800397c   0x00000004   Code   RO         3866    i.USBD_LL_IsoINIncomplete  usbd_core.o
    0x08003980   0x08003980   0x00000004   Code   RO         3867    i.USBD_LL_IsoOUTIncomplete  usbd_core.o
    0x08003984   0x08003984   0x00000018   Code   RO          537    i.USBD_LL_OpenEP    usbd_conf.o
    0x0800399c   0x0800399c   0x00000012   Code   RO          538    i.USBD_LL_PrepareReceive  usbd_conf.o
    0x080039ae   0x080039ae   0x0000003e   Code   RO         3868    i.USBD_LL_Reset     usbd_core.o
    0x080039ec   0x080039ec   0x0000000c   Code   RO         3869    i.USBD_LL_Resume    usbd_core.o
    0x080039f8   0x080039f8   0x00000018   Code   RO         3870    i.USBD_LL_SOF       usbd_core.o
    0x08003a10   0x08003a10   0x00000006   Code   RO         3871    i.USBD_LL_SetSpeed  usbd_core.o
    0x08003a16   0x08003a16   0x00000012   Code   RO          539    i.USBD_LL_SetUSBAddress  usbd_conf.o
    0x08003a28   0x08003a28   0x0000005a   Code   RO         3872    i.USBD_LL_SetupStage  usbd_core.o
    0x08003a82   0x08003a82   0x00000012   Code   RO          540    i.USBD_LL_StallEP   usbd_conf.o
    0x08003a94   0x08003a94   0x00000012   Code   RO          541    i.USBD_LL_Start     usbd_conf.o
    0x08003aa6   0x08003aa6   0x00000012   Code   RO         3873    i.USBD_LL_Suspend   usbd_core.o
    0x08003ab8   0x08003ab8   0x00000012   Code   RO          543    i.USBD_LL_Transmit  usbd_conf.o
    0x08003aca   0x08003aca   0x00000028   Code   RO         4000    i.USBD_ParseSetupRequest  usbd_ctlreq.o
    0x08003af2   0x08003af2   0x00000010   Code   RO         3874    i.USBD_RegisterClass  usbd_core.o
    0x08003b02   0x08003b02   0x00000016   Code   RO         3876    i.USBD_SetClassConfig  usbd_core.o
    0x08003b18   0x08003b18   0x00000074   Code   RO         4001    i.USBD_SetConfig    usbd_ctlreq.o
    0x08003b8c   0x08003b8c   0x0000000a   Code   RO         3877    i.USBD_Start        usbd_core.o
    0x08003b96   0x08003b96   0x000000f2   Code   RO         4002    i.USBD_StdDevReq    usbd_ctlreq.o
    0x08003c88   0x08003c88   0x000000dc   Code   RO         4003    i.USBD_StdEPReq     usbd_ctlreq.o
    0x08003d64   0x08003d64   0x00000034   Code   RO         4004    i.USBD_StdItfReq    usbd_ctlreq.o
    0x08003d98   0x08003d98   0x00000002   Code   RO          544    i.USBD_static_free  usbd_conf.o
    0x08003d9a   0x08003d9a   0x00000002   PAD
    0x08003d9c   0x08003d9c   0x00000008   Code   RO          545    i.USBD_static_malloc  usbd_conf.o
    0x08003da4   0x08003da4   0x00000090   Code   RO         1362    i.USB_ActivateEndpoint  stm32f1xx_ll_usb.o
    0x08003e34   0x08003e34   0x00000034   Code   RO         1364    i.USB_ActivateSetup  stm32f1xx_ll_usb.o
    0x08003e68   0x08003e68   0x0000001c   Code   RO         1366    i.USB_CoreInit      stm32f1xx_ll_usb.o
    0x08003e84   0x08003e84   0x0000004c   Code   RO         1367    i.USB_CoreReset     stm32f1xx_ll_usb.o
    0x08003ed0   0x08003ed0   0x0000006e   Code   RO         1369    i.USB_DeactivateEndpoint  stm32f1xx_ll_usb.o
    0x08003f3e   0x08003f3e   0x00000018   Code   RO         1370    i.USB_DevConnect    stm32f1xx_ll_usb.o
    0x08003f56   0x08003f56   0x00000018   Code   RO         1371    i.USB_DevDisconnect  stm32f1xx_ll_usb.o
    0x08003f6e   0x08003f6e   0x00000002   PAD
    0x08003f70   0x08003f70   0x00000108   Code   RO         1372    i.USB_DevInit       stm32f1xx_ll_usb.o
    0x08004078   0x08004078   0x0000000c   Code   RO         1373    i.USB_DisableGlobalInt  stm32f1xx_ll_usb.o
    0x08004084   0x08004084   0x0000011c   Code   RO         1376    i.USB_EP0StartXfer  stm32f1xx_ll_usb.o
    0x080041a0   0x080041a0   0x0000002e   Code   RO         1377    i.USB_EP0_OutStart  stm32f1xx_ll_usb.o
    0x080041ce   0x080041ce   0x00000064   Code   RO         1378    i.USB_EPClearStall  stm32f1xx_ll_usb.o
    0x08004232   0x08004232   0x0000005e   Code   RO         1379    i.USB_EPSetStall    stm32f1xx_ll_usb.o
    0x08004290   0x08004290   0x000001f4   Code   RO         1380    i.USB_EPStartXfer   stm32f1xx_ll_usb.o
    0x08004484   0x08004484   0x0000000c   Code   RO         1381    i.USB_EnableGlobalInt  stm32f1xx_ll_usb.o
    0x08004490   0x08004490   0x00000020   Code   RO         1382    i.USB_FlushRxFifo   stm32f1xx_ll_usb.o
    0x080044b0   0x080044b0   0x00000024   Code   RO         1383    i.USB_FlushTxFifo   stm32f1xx_ll_usb.o
    0x080044d4   0x080044d4   0x00000008   Code   RO         1387    i.USB_GetMode       stm32f1xx_ll_usb.o
    0x080044dc   0x080044dc   0x0000000e   Code   RO         1394    i.USB_ReadDevAllInEpInterrupt  stm32f1xx_ll_usb.o
    0x080044ea   0x080044ea   0x0000000e   Code   RO         1395    i.USB_ReadDevAllOutEpInterrupt  stm32f1xx_ll_usb.o
    0x080044f8   0x080044f8   0x0000001e   Code   RO         1396    i.USB_ReadDevInEPInterrupt  stm32f1xx_ll_usb.o
    0x08004516   0x08004516   0x00000010   Code   RO         1397    i.USB_ReadDevOutEPInterrupt  stm32f1xx_ll_usb.o
    0x08004526   0x08004526   0x00000008   Code   RO         1398    i.USB_ReadInterrupts  stm32f1xx_ll_usb.o
    0x0800452e   0x0800452e   0x00000020   Code   RO         1399    i.USB_ReadPacket    stm32f1xx_ll_usb.o
    0x0800454e   0x0800454e   0x0000002c   Code   RO         1401    i.USB_SetCurrentMode  stm32f1xx_ll_usb.o
    0x0800457a   0x0800457a   0x00000022   Code   RO         1402    i.USB_SetDevAddress  stm32f1xx_ll_usb.o
    0x0800459c   0x0800459c   0x00000022   Code   RO         1406    i.USB_WritePacket   stm32f1xx_ll_usb.o
    0x080045be   0x080045be   0x00000002   Code   RO          959    i.UsageFault_Handler  stm32f1xx_it.o
    0x080045c0   0x080045c0   0x00000028   Code   RO         4475    i.__0sprintf        mc_w.l(printfa.o)
    0x080045e8   0x080045e8   0x0000000e   Code   RO         4561    i.__scatterload_copy  mc_w.l(handlers.o)
    0x080045f6   0x080045f6   0x00000002   Code   RO         4562    i.__scatterload_null  mc_w.l(handlers.o)
    0x080045f8   0x080045f8   0x0000000e   Code   RO         4563    i.__scatterload_zeroinit  mc_w.l(handlers.o)
    0x08004606   0x08004606   0x00000002   PAD
    0x08004608   0x08004608   0x00000184   Code   RO         4480    i._fp_digits        mc_w.l(printfa.o)
    0x0800478c   0x0800478c   0x000006dc   Code   RO         4481    i._printf_core      mc_w.l(printfa.o)
    0x08004e68   0x08004e68   0x00000024   Code   RO         4482    i._printf_post_padding  mc_w.l(printfa.o)
    0x08004e8c   0x08004e8c   0x0000002e   Code   RO         4483    i._printf_pre_padding  mc_w.l(printfa.o)
    0x08004eba   0x08004eba   0x0000000a   Code   RO         4485    i._sputc            mc_w.l(printfa.o)
    0x08004ec4   0x08004ec4   0x00000084   Code   RO          149    i.main              main.o
    0x08004f48   0x08004f48   0x00000020   Data   RO          153    .constdata          main.o
    0x08004f68   0x08004f68   0x00000010   Data   RO         3823    .constdata          system_stm32f1xx.o
    0x08004f78   0x08004f78   0x00000008   Data   RO         3824    .constdata          system_stm32f1xx.o
    0x08004f80   0x08004f80   0x00000020   Data   RO         4559    Region$$Table       anon$$obj.o


    Execution Region RW_IRAM1 (Exec base: 0x20000000, Load base: 0x08004fa0, Size: 0x00001128, Max: 0x00010000, ABSOLUTE, COMPRESSED[0x0000017c])

    Exec Addr    Load Addr    Size         Type   Attr      Idx    E Section Name        Object

    0x20000000   COMPRESSED   0x00000144   Data   RW          154    .data               main.o
    0x20000144   COMPRESSED   0x0000001c   Data   RW          730    .data               usbd_desc.o
    0x20000160   COMPRESSED   0x00000032   Data   RW          731    .data               usbd_desc.o
    0x20000192   COMPRESSED   0x00000002   PAD
    0x20000194   COMPRESSED   0x00000010   Data   RW          800    .data               usbd_cdc_if.o
    0x200001a4   COMPRESSED   0x0000000c   Data   RW         2929    .data               stm32f1xx_hal.o
    0x200001b0   COMPRESSED   0x00000004   Data   RW         3825    .data               system_stm32f1xx.o
    0x200001b4   COMPRESSED   0x00000001   Data   RW         4005    .data               usbd_ctlreq.o
    0x200001b5   COMPRESSED   0x00000003   PAD
    0x200001b8   COMPRESSED   0x000000db   Data   RW         4137    .data               usbd_cdc.o
    0x20000293   COMPRESSED   0x00000001   PAD
    0x20000294   COMPRESSED   0x00000038   Data   RW         4138    .data               usbd_cdc.o
    0x200002cc        -       0x00000020   Zero   RW          150    .bss                main.o
    0x200002ec        -       0x00000054   Zero   RW          377    .bss                i2c.o
    0x20000340        -       0x00000040   Zero   RW          419    .bss                tim.o
    0x20000380        -       0x00000224   Zero   RW          459    .bss                usb_device.o
    0x200005a4        -       0x00000500   Zero   RW          546    .bss                usbd_conf.o
    0x20000aa4        -       0x00000200   Zero   RW          729    .bss                usbd_desc.o
    0x20000ca4        -       0x00000080   Zero   RW          799    .bss                usbd_cdc_if.o
    0x20000d24   COMPRESSED   0x00000004   PAD
    0x20000d28        -       0x00000400   Zero   RW            1    STACK               startup_stm32f105xc.o


==============================================================================

Image component sizes


      Code (inc. data)   RO Data    RW Data    ZI Data      Debug   Object Name

       112          8          0          0          0        835   gpio.o
       156         26          0          0         84       1485   i2c.o
       492        202          0          0          0     613602   i2c_lib.o
      2042        188         32        324         32      50496   main.o
        36          8        336          0       1024        776   startup_stm32f105xc.o
       164         28          0         12          0       6781   stm32f1xx_hal.o
       194         14          0          0          0      25567   stm32f1xx_hal_cortex.o
       466         34          0          0          0       2788   stm32f1xx_hal_gpio.o
      2060         44          0          0          0      12373   stm32f1xx_hal_i2c.o
        60          8          0          0          0        798   stm32f1xx_hal_msp.o
      1678          0          0          0          0      10245   stm32f1xx_hal_pcd.o
        78          0          0          0          0       2327   stm32f1xx_hal_pcd_ex.o
      1540         98          0          0          0       4957   stm32f1xx_hal_rcc.o
       396         16          0          0          0       1608   stm32f1xx_hal_rcc_ex.o
       368          0          0          0          0       4726   stm32f1xx_hal_tim.o
         4          0          0          0          0       1534   stm32f1xx_hal_tim_ex.o
        44         12          0          0          0       4364   stm32f1xx_it.o
      2072         40          0          0          0      17634   stm32f1xx_ll_usb.o
        84         16         24          4          0       1083   system_stm32f1xx.o
         0          0          0          0         64        184   tim.o
        84         18          0          0        548       5056   usb_device.o
       590         22          0        275          0      12278   usbd_cdc.o
       128         24          0         16        128       9276   usbd_cdc_if.o
       596         20          0          0       1280      14438   usbd_conf.o
       626          0          0          0          0      11233   usbd_core.o
       986         30          0          1          0       7596   usbd_ctlreq.o
       286        104          0         78        512       5521   usbd_desc.o
       132          0          0          0          0       4148   usbd_ioreq.o

    ----------------------------------------------------------------------
     15496        960        424        716       3676     833709   Object Totals
         0          0         32          0          0          0   (incl. Generated)
        22          0          0          6          4          0   (incl. Padding)

    ----------------------------------------------------------------------

      Code (inc. data)   RO Data    RW Data    ZI Data      Debug   Library Member Name

        86          0          0          0          0          0   __dczerorl2.o
         0          0          0          0          0          0   entry.o
         0          0          0          0          0          0   entry10a.o
         0          0          0          0          0          0   entry11a.o
         8          4          0          0          0          0   entry2.o
         4          0          0          0          0          0   entry5.o
         0          0          0          0          0          0   entry7b.o
         0          0          0          0          0          0   entry8b.o
         8          4          0          0          0          0   entry9a.o
        30          0          0          0          0          0   handlers.o
        36          8          0          0          0         68   init.o
         0          0          0          0          0          0   iusefp.o
        30          0          0          0          0         68   llshl.o
        36          0          0          0          0         68   llsshr.o
        32          0          0          0          0         68   llushr.o
        36          0          0          0          0         68   memcpya.o
        36          0          0          0          0        108   memseta.o
      2276         86          0          0          0        520   printfa.o
        14          0          0          0          0         68   strlen.o
        44          0          0          0          0         80   uidiv.o
        98          0          0          0          0         92   uldiv.o
        48          0          0          0          0         68   cdrcmple.o
        20          0          0          0          0         68   cfcmple.o
        20          0          0          0          0         68   cfrcmple.o
       334          0          0          0          0        148   dadd.o
       222          0          0          0          0        100   ddiv.o
       186          0          0          0          0        176   depilogue.o
        48          0          0          0          0         68   dfixul.o
       228          0          0          0          0         96   dmul.o
        38          0          0          0          0         68   f2d.o
       176          0          0          0          0        140   fadd.o
       124          0          0          0          0         88   fdiv.o
       110          0          0          0          0        168   fepilogue.o
        10          0          0          0          0         68   ffltui.o
       100          0          0          0          0         76   fmul.o
        24          0          0          0          0         68   fscalb.o

    ----------------------------------------------------------------------
      4464        102          0          0          0       2676   Library Totals
         2          0          0          0          0          0   (incl. Padding)

    ----------------------------------------------------------------------

      Code (inc. data)   RO Data    RW Data    ZI Data      Debug   Library Name

      2774        102          0          0          0       1208   mc_w.l
      1688          0          0          0          0       1468   mf_w.l

    ----------------------------------------------------------------------
      4464        102          0          0          0       2676   Library Totals

    ----------------------------------------------------------------------

==============================================================================


      Code (inc. data)   RO Data    RW Data    ZI Data      Debug   

     19960       1062        424        716       3676     825385   Grand Totals
     19960       1062        424        380       3676     825385   ELF Image Totals (compressed)
     19960       1062        424        380          0          0   ROM Totals

==============================================================================

    Total RO  Size (Code + RO Data)                20384 (  19.91kB)
    Total RW  Size (RW Data + ZI Data)              4392 (   4.29kB)
    Total ROM Size (Code + RO Data + RW Data)      20764 (  20.28kB)

==============================================================================

